7.6s 1 0.00s - Debugger warning: It seems that frozen modules are being used, which may
7.6s 2 0.00s - make the debugger miss breakpoints. Please pass -Xfrozen_modules=off
7.6s 3 0.00s - to python to disable frozen modules.
7.6s 4 0.00s - Note: Debugging will proceed. Set PYDEVD_DISABLE_FILE_VALIDATION=1 to disable this validation.
8.2s 5 0.00s - Debugger warning: It seems that frozen modules are being used, which may
8.2s 6 0.00s - make the debugger miss breakpoints. Please pass -Xfrozen_modules=off
8.2s 7 0.00s - to python to disable frozen modules.
8.2s 8 0.00s - Note: Debugging will proceed. Set PYDEVD_DISABLE_FILE_VALIDATION=1 to disable this validation.
37.1s 9 Warning: You are sending unauthenticated requests to the HF Hub. Please set a HF_TOKEN to enable higher rate limits and faster downloads.
37.1s 10 
37.1s 11 Warning: You are sending unauthenticated requests to the HF Hub. Please set a HF_TOKEN to enable higher rate limits and faster downloads.
44.2s 12 Wav2Vec2Model LOAD REPORT from: facebook/wav2vec2-large-xlsr-53
44.2s 13 Key                          | Status     |  |
44.2s 14 -----------------------------+------------+--+-
44.2s 15 project_q.weight             | UNEXPECTED |  |
44.2s 16 quantizer.codevectors        | UNEXPECTED |  |
44.2s 17 project_q.bias               | UNEXPECTED |  |
44.2s 18 quantizer.weight_proj.weight | UNEXPECTED |  |
44.2s 19 project_hid.bias             | UNEXPECTED |  |
44.2s 20 quantizer.weight_proj.bias   | UNEXPECTED |  |
44.2s 21 project_hid.weight           | UNEXPECTED |  |
44.2s 22 
44.2s 23 Notes:
44.2s 24 - UNEXPECTED	:can be ignored when loading from different task/architecture; not ok if you expect identical arch.
44.2s 25 
44.2s 26 Wav2Vec2Model LOAD REPORT from: facebook/wav2vec2-large-xlsr-53
44.2s 27 Key                          | Status     |  |
44.2s 28 -----------------------------+------------+--+-
44.2s 29 project_q.weight             | UNEXPECTED |  |
44.2s 30 quantizer.codevectors        | UNEXPECTED |  |
44.2s 31 project_q.bias               | UNEXPECTED |  |
44.2s 32 quantizer.weight_proj.weight | UNEXPECTED |  |
44.2s 33 project_hid.bias             | UNEXPECTED |  |
44.2s 34 quantizer.weight_proj.bias   | UNEXPECTED |  |
44.2s 35 project_hid.weight           | UNEXPECTED |  |
44.2s 36 
44.2s 37 Notes:
44.2s 38 - UNEXPECTED	:can be ignored when loading from different task/architecture; not ok if you expect identical arch.
45.2s 39 Building length index...
47.8s 40 Length index built for 30747 samples
47.8s 41 Building length index...
47.8s 42 Length index built for 3680 samples
48.3s 43 Using device: cuda
48.3s 44 Num processes: 1
48.7s 45 Starting fresh training
48.9s 46 training is starting .......
49.0s 47 staring the training
4313.8s 48 
4313.8s 49 Epoch 1/10
4313.8s 50 Train Loss   : 3.8782
4313.8s 51 Val Loss     : 3.2827
4313.8s 52 Val Accuracy : 26.31%
4313.8s 53 Correct      : 27356/103978
4313.8s 54 LR group 0: 4e-07
4313.8s 55 LR group 1: 4e-05
4313.8s 56 LR group 2: 8e-05
4313.8s 57 LR group 3: 0.00012
4313.8s 58 ------------------------------------------------------------
4313.8s 59 
4313.8s 60 Predicted phoneme boundaries
4313.8s 61 ====================================================================================================
4313.8s 62 000 | target=<sil>    | pred=<sil>    | correct | frames=[   0,   44) | time=[  0.000,   0.882) s | duration= 0.882 s | soft_mass= 38.46
4313.8s 63 001 | target=ʔi       | pred=ʔi       | correct | frames=[  44,   59) | time=[  0.882,   1.183) s | duration= 0.300 s | soft_mass= 26.63
4313.8s 64 002 | target=nn       | pred=nn       | correct | frames=[  59,   96) | time=[  1.183,   1.923) s | duration= 0.740 s | soft_mass= 26.09
4313.8s 65 003 | target=na       | pred=na       | correct | frames=[  96,  106) | time=[  1.923,   2.123) s | duration= 0.200 s | soft_mass= 14.28
4313.8s 66 004 | target=l        | pred=la       | wrong   | frames=[ 106,  115) | time=[  2.123,   2.303) s | duration= 0.180 s | soft_mass= 10.14
4313.8s 67 005 | target=la       | pred=la       | correct | frames=[ 115,  126) | time=[  2.303,   2.522) s | duration= 0.220 s | soft_mass= 10.74
4313.8s 68 006 | target=ðii      | pred=ðii      | correct | frames=[ 126,  138) | time=[  2.522,   2.763) s | duration= 0.240 s | soft_mass= 10.95
4313.8s 69 007 | target=na       | pred=na       | correct | frames=[ 138,  148) | time=[  2.763,   2.962) s | duration= 0.200 s | soft_mass= 10.73
4313.8s 70 008 | target=ka       | pred=ka       | correct | frames=[ 148,  160) | time=[  2.962,   3.203) s | duration= 0.240 s | soft_mass= 11.87
4313.8s 71 009 | target=fa       | pred=fa       | correct | frames=[ 160,  172) | time=[  3.203,   3.442) s | duration= 0.240 s | soft_mass= 13.13
4313.8s 72 010 | target=rMuu     | pred=wa       | wrong   | frames=[ 172,  189) | time=[  3.442,   3.783) s | duration= 0.340 s | soft_mass= 14.11
4313.8s 73 011 | target=wa       | pred=wa       | correct | frames=[ 189,  199) | time=[  3.783,   3.982) s | duration= 0.200 s | soft_mass= 11.37
4313.8s 74 012 | target=sˤa      | pred=rMa      | wrong   | frames=[ 199,  208) | time=[  3.982,   4.162) s | duration= 0.180 s | soft_mass=  9.56
4313.8s 75 013 | target=d        | pred=b        | wrong   | frames=[ 208,  219) | time=[  4.162,   4.383) s | duration= 0.220 s | soft_mass= 10.72
4313.8s 76 014 | target=duu      | pred=tu       | wrong   | frames=[ 219,  230) | time=[  4.383,   4.603) s | duration= 0.220 s | soft_mass= 11.73
4313.8s 77 015 | target=ʕa       | pred=ʕa       | correct | frames=[ 230,  242) | time=[  4.603,   4.843) s | duration= 0.240 s | soft_mass= 19.00
4313.8s 78 016 | target=ns       | pred=ta       | wrong   | frames=[ 242,  283) | time=[  4.843,   5.662) s | duration= 0.820 s | soft_mass= 28.63
4313.8s 79 017 | target=sa       | pred=ta       | wrong   | frames=[ 283,  296) | time=[  5.662,   5.923) s | duration= 0.260 s | soft_mass= 18.51
4313.8s 80 018 | target=bii      | pred=ðii      | wrong   | frames=[ 296,  313) | time=[  5.923,   6.263) s | duration= 0.340 s | soft_mass= 14.35
4313.8s 81 019 | target=li       | pred=l        | wrong   | frames=[ 313,  322) | time=[  6.263,   6.442) s | duration= 0.180 s | soft_mass= 11.28
4313.8s 82 020 | target=l        | pred=l        | correct | frames=[ 322,  333) | time=[  6.442,   6.662) s | duration= 0.220 s | soft_mass= 11.44
4313.8s 83 021 | target=laa      | pred=laa      | correct | frames=[ 333,  347) | time=[  6.662,   6.942) s | duration= 0.280 s | soft_mass= 12.57
4313.8s 84 022 | target=hi       | pred=li       | wrong   | frames=[ 347,  357) | time=[  6.942,   7.143) s | duration= 0.200 s | soft_mass= 10.91
4313.8s 85 023 | target=qa       | pred=qa       | correct | frames=[ 357,  368) | time=[  7.143,   7.362) s | duration= 0.220 s | soft_mass= 10.50
4313.8s 86 024 | target=dK       | pred=qa       | wrong   | frames=[ 368,  378) | time=[  7.362,   7.562) s | duration= 0.200 s | soft_mass= 10.15
4313.8s 87 025 | target=dˤa      | pred=qa       | wrong   | frames=[ 378,  388) | time=[  7.562,   7.763) s | duration= 0.200 s | soft_mass=  9.89
4313.8s 88 026 | target=l        | pred=l        | correct | frames=[ 388,  397) | time=[  7.763,   7.942) s | duration= 0.180 s | soft_mass=  9.55
4313.8s 89 027 | target=luu      | pred=hu       | wrong   | frames=[ 397,  407) | time=[  7.942,   8.143) s | duration= 0.200 s | soft_mass= 10.63
4313.8s 90 028 | target=dˤa      | pred=qa       | wrong   | frames=[ 407,  421) | time=[  8.143,   8.422) s | duration= 0.280 s | soft_mass= 12.15
4313.8s 91 029 | target=laa      | pred=laa      | correct | frames=[ 421,  431) | time=[  8.422,   8.623) s | duration= 0.200 s | soft_mass= 12.93
4313.8s 92 030 | target=la       | pred=naa      | wrong   | frames=[ 431,  447) | time=[  8.623,   8.943) s | duration= 0.320 s | soft_mass= 19.62
4313.8s 93 031 | target=mm       | pred=mm       | correct | frames=[ 447,  493) | time=[  8.943,   9.863) s | duration= 0.920 s | soft_mass= 31.63
4313.8s 94 032 | target=ba       | pred=ʔa       | wrong   | frames=[ 493,  508) | time=[  9.863,  10.162) s | duration= 0.300 s | soft_mass= 22.38
4313.8s 95 033 | target=ʕii      | pred=y        | wrong   | frames=[ 508,  519) | time=[ 10.162,  10.383) s | duration= 0.220 s | soft_mass= 18.43
4313.8s 96 034 | target=daa      | pred=yaa      | wrong   | frames=[ 519,  562) | time=[ 10.383,  11.259) s | duration= 0.876 s | soft_mass= 36.93
4313.8s 97 ====================================================================================================
4313.8s 98 
4314.3s 99 Best model saved
8147.8s 100 
8147.8s 101 Epoch 2/10
8147.8s 102 Train Loss   : 2.6771
8147.8s 103 Val Loss     : 2.0907
8147.8s 104 Val Accuracy : 46.85%
8147.8s 105 Correct      : 48710/103978
8147.8s 106 LR group 0: 6e-07
8147.8s 107 LR group 1: 6e-05
8147.8s 108 LR group 2: 0.00012
8147.8s 109 LR group 3: 0.00018
8147.8s 110 ------------------------------------------------------------
8147.8s 111 
8147.8s 112 Predicted phoneme boundaries
8147.8s 113 ====================================================================================================
8147.8s 114 000 | target=<sil>    | pred=<sil>    | correct | frames=[   0,   42) | time=[  0.000,   0.843) s | duration= 0.843 s | soft_mass= 34.71
8147.8s 115 001 | target=ʔi       | pred=ʔi       | correct | frames=[  42,   51) | time=[  0.843,   1.022) s | duration= 0.180 s | soft_mass= 24.32
8147.8s 116 002 | target=nn       | pred=nn       | correct | frames=[  51,   95) | time=[  1.022,   1.903) s | duration= 0.880 s | soft_mass= 28.85
8147.8s 117 003 | target=na       | pred=na       | correct | frames=[  95,  103) | time=[  1.903,   2.062) s | duration= 0.160 s | soft_mass= 15.48
8147.8s 118 004 | target=l        | pred=l        | correct | frames=[ 103,  112) | time=[  2.062,   2.243) s | duration= 0.180 s | soft_mass=  9.29
8147.8s 119 005 | target=la       | pred=la       | correct | frames=[ 112,  121) | time=[  2.243,   2.422) s | duration= 0.180 s | soft_mass= 10.37
8147.8s 120 006 | target=ðii      | pred=ðii      | correct | frames=[ 121,  139) | time=[  2.422,   2.783) s | duration= 0.360 s | soft_mass= 13.62
8147.8s 121 007 | target=na       | pred=na       | correct | frames=[ 139,  148) | time=[  2.783,   2.962) s | duration= 0.180 s | soft_mass= 12.10
8147.8s 122 008 | target=ka       | pred=ka       | correct | frames=[ 148,  160) | time=[  2.962,   3.203) s | duration= 0.240 s | soft_mass= 11.22
8147.8s 123 009 | target=fa       | pred=fa       | correct | frames=[ 160,  171) | time=[  3.203,   3.422) s | duration= 0.220 s | soft_mass= 11.89
8147.8s 124 010 | target=rMuu     | pred=rMuu     | correct | frames=[ 171,  188) | time=[  3.422,   3.763) s | duration= 0.340 s | soft_mass= 13.83
8147.8s 125 011 | target=wa       | pred=wa       | correct | frames=[ 188,  197) | time=[  3.763,   3.942) s | duration= 0.180 s | soft_mass= 11.65
8147.8s 126 012 | target=sˤa      | pred=sˤ       | wrong   | frames=[ 197,  207) | time=[  3.942,   4.143) s | duration= 0.200 s | soft_mass=  9.72
8147.8s 127 013 | target=d        | pred=b        | wrong   | frames=[ 207,  216) | time=[  4.143,   4.322) s | duration= 0.180 s | soft_mass=  9.63
8147.8s 128 014 | target=duu      | pred=bu       | wrong   | frames=[ 216,  228) | time=[  4.322,   4.562) s | duration= 0.240 s | soft_mass= 12.01
8147.8s 129 015 | target=ʕa       | pred=ʕa       | correct | frames=[ 228,  241) | time=[  4.562,   4.822) s | duration= 0.260 s | soft_mass= 18.39
8147.8s 130 016 | target=ns       | pred=ns       | correct | frames=[ 241,  281) | time=[  4.822,   5.622) s | duration= 0.800 s | soft_mass= 27.28
8147.8s 131 017 | target=sa       | pred=sa       | correct | frames=[ 281,  291) | time=[  5.622,   5.822) s | duration= 0.200 s | soft_mass= 17.89
8147.8s 132 018 | target=bii      | pred=fii      | wrong   | frames=[ 291,  310) | time=[  5.822,   6.202) s | duration= 0.380 s | soft_mass= 14.48
8147.8s 133 019 | target=li       | pred=hi       | wrong   | frames=[ 310,  318) | time=[  6.202,   6.362) s | duration= 0.160 s | soft_mass= 11.48
8147.8s 134 020 | target=l        | pred=l        | correct | frames=[ 318,  327) | time=[  6.362,   6.543) s | duration= 0.180 s | soft_mass=  9.84
8147.8s 135 021 | target=laa      | pred=laa      | correct | frames=[ 327,  341) | time=[  6.543,   6.822) s | duration= 0.280 s | soft_mass= 12.06
8147.8s 136 022 | target=hi       | pred=hi       | correct | frames=[ 341,  352) | time=[  6.822,   7.043) s | duration= 0.220 s | soft_mass= 12.17
8147.8s 137 023 | target=qa       | pred=qa       | correct | frames=[ 352,  364) | time=[  7.043,   7.282) s | duration= 0.240 s | soft_mass= 11.01
8147.8s 138 024 | target=dK       | pred=qa       | wrong   | frames=[ 364,  373) | time=[  7.282,   7.463) s | duration= 0.180 s | soft_mass=  9.85
8147.8s 139 025 | target=dˤa      | pred=qa       | wrong   | frames=[ 373,  384) | time=[  7.463,   7.683) s | duration= 0.220 s | soft_mass= 10.12
8147.8s 140 026 | target=l        | pred=l        | correct | frames=[ 384,  394) | time=[  7.683,   7.883) s | duration= 0.200 s | soft_mass= 10.63
8147.8s 141 027 | target=luu      | pred=luu      | correct | frames=[ 394,  406) | time=[  7.883,   8.123) s | duration= 0.240 s | soft_mass= 13.18
8147.8s 142 028 | target=dˤa      | pred=qa       | wrong   | frames=[ 406,  422) | time=[  8.123,   8.443) s | duration= 0.320 s | soft_mass= 14.41
8147.8s 143 029 | target=laa      | pred=laa      | correct | frames=[ 422,  435) | time=[  8.443,   8.703) s | duration= 0.260 s | soft_mass= 13.96
8147.8s 144 030 | target=la       | pred=la       | correct | frames=[ 435,  448) | time=[  8.703,   8.963) s | duration= 0.260 s | soft_mass= 18.42
8147.8s 145 031 | target=mm       | pred=mm       | correct | frames=[ 448,  495) | time=[  8.963,   9.902) s | duration= 0.940 s | soft_mass= 30.69
8147.8s 146 032 | target=ba       | pred=ba       | correct | frames=[ 495,  505) | time=[  9.902,  10.102) s | duration= 0.200 s | soft_mass= 20.36
8147.8s 147 033 | target=ʕii      | pred=ja       | wrong   | frames=[ 505,  519) | time=[ 10.102,  10.383) s | duration= 0.280 s | soft_mass= 18.45
8147.8s 148 034 | target=daa      | pred=daa      | correct | frames=[ 519,  562) | time=[ 10.383,  11.259) s | duration= 0.876 s | soft_mass= 38.63
8147.8s 149 ====================================================================================================
8147.8s 150 
8148.7s 151 Best model saved
11972.9s 152 
11972.9s 153 Epoch 3/10
11972.9s 154 Train Loss   : 1.8506
11972.9s 155 Val Loss     : 1.2170
11972.9s 156 Val Accuracy : 68.91%
11972.9s 157 Correct      : 71653/103978
11972.9s 158 LR group 0: 8e-07
11972.9s 159 LR group 1: 8e-05
11972.9s 160 LR group 2: 0.00016
11972.9s 161 LR group 3: 0.00024
11972.9s 162 ------------------------------------------------------------
11972.9s 163 
11972.9s 164 Predicted phoneme boundaries
11972.9s 165 ====================================================================================================
11972.9s 166 000 | target=<sil>    | pred=<sil>    | correct | frames=[   0,   41) | time=[  0.000,   0.823) s | duration= 0.823 s | soft_mass= 29.99
11972.9s 167 001 | target=ʔi       | pred=ʔi       | correct | frames=[  41,   50) | time=[  0.823,   1.002) s | duration= 0.180 s | soft_mass= 27.44
11972.9s 168 002 | target=nn       | pred=nn       | correct | frames=[  50,   94) | time=[  1.002,   1.883) s | duration= 0.880 s | soft_mass= 29.38
11972.9s 169 003 | target=na       | pred=na       | correct | frames=[  94,  103) | time=[  1.883,   2.062) s | duration= 0.180 s | soft_mass= 15.79
11972.9s 170 004 | target=l        | pred=l        | correct | frames=[ 103,  112) | time=[  2.062,   2.243) s | duration= 0.180 s | soft_mass=  9.20
11972.9s 171 005 | target=la       | pred=la       | correct | frames=[ 112,  120) | time=[  2.243,   2.402) s | duration= 0.160 s | soft_mass= 10.15
11972.9s 172 006 | target=ðii      | pred=ðii      | correct | frames=[ 120,  139) | time=[  2.402,   2.783) s | duration= 0.380 s | soft_mass= 13.98
11972.9s 173 007 | target=na       | pred=na       | correct | frames=[ 139,  148) | time=[  2.783,   2.962) s | duration= 0.180 s | soft_mass= 12.24
11972.9s 174 008 | target=ka       | pred=ka       | correct | frames=[ 148,  159) | time=[  2.962,   3.183) s | duration= 0.220 s | soft_mass= 10.59
11972.9s 175 009 | target=fa       | pred=fa       | correct | frames=[ 159,  169) | time=[  3.183,   3.382) s | duration= 0.200 s | soft_mass= 11.54
11972.9s 176 010 | target=rMuu     | pred=rMuu     | correct | frames=[ 169,  186) | time=[  3.382,   3.723) s | duration= 0.340 s | soft_mass= 13.78
11972.9s 177 011 | target=wa       | pred=wa       | correct | frames=[ 186,  196) | time=[  3.723,   3.922) s | duration= 0.200 s | soft_mass= 12.29
11972.9s 178 012 | target=sˤa      | pred=sˤa      | correct | frames=[ 196,  207) | time=[  3.922,   4.143) s | duration= 0.220 s | soft_mass= 10.88
11972.9s 179 013 | target=d        | pred=d        | correct | frames=[ 207,  218) | time=[  4.143,   4.362) s | duration= 0.220 s | soft_mass= 11.65
11972.9s 180 014 | target=duu      | pred=duu      | correct | frames=[ 218,  234) | time=[  4.362,   4.683) s | duration= 0.320 s | soft_mass= 14.41
11972.9s 181 015 | target=ʕa       | pred=ʕa       | correct | frames=[ 234,  246) | time=[  4.683,   4.923) s | duration= 0.240 s | soft_mass= 20.61
11972.9s 182 016 | target=ns       | pred=ns       | correct | frames=[ 246,  283) | time=[  4.923,   5.662) s | duration= 0.740 s | soft_mass= 25.48
11972.9s 183 017 | target=sa       | pred=sa       | correct | frames=[ 283,  293) | time=[  5.662,   5.862) s | duration= 0.200 s | soft_mass= 15.56
11972.9s 184 018 | target=bii      | pred=dii      | wrong   | frames=[ 293,  312) | time=[  5.862,   6.242) s | duration= 0.380 s | soft_mass= 14.66
11972.9s 185 019 | target=li       | pred=li       | correct | frames=[ 312,  320) | time=[  6.242,   6.402) s | duration= 0.160 s | soft_mass= 11.10
11972.9s 186 020 | target=l        | pred=l        | correct | frames=[ 320,  330) | time=[  6.402,   6.603) s | duration= 0.200 s | soft_mass= 10.49
11972.9s 187 021 | target=laa      | pred=laa      | correct | frames=[ 330,  346) | time=[  6.603,   6.923) s | duration= 0.320 s | soft_mass= 13.05
11972.9s 188 022 | target=hi       | pred=hi       | correct | frames=[ 346,  356) | time=[  6.923,   7.122) s | duration= 0.200 s | soft_mass= 12.18
11972.9s 189 023 | target=qa       | pred=qa       | correct | frames=[ 356,  367) | time=[  7.122,   7.343) s | duration= 0.220 s | soft_mass= 10.58
11972.9s 190 024 | target=dK       | pred=dK       | correct | frames=[ 367,  377) | time=[  7.343,   7.543) s | duration= 0.200 s | soft_mass= 10.13
11972.9s 191 025 | target=dˤa      | pred=dˤa      | correct | frames=[ 377,  387) | time=[  7.543,   7.742) s | duration= 0.200 s | soft_mass= 10.84
11972.9s 192 026 | target=l        | pred=l        | correct | frames=[ 387,  399) | time=[  7.742,   7.982) s | duration= 0.240 s | soft_mass= 12.65
11972.9s 193 027 | target=luu      | pred=luu      | correct | frames=[ 399,  416) | time=[  7.982,   8.322) s | duration= 0.340 s | soft_mass= 14.45
11972.9s 194 028 | target=dˤa      | pred=dˤa      | correct | frames=[ 416,  427) | time=[  8.322,   8.543) s | duration= 0.220 s | soft_mass= 13.08
11972.9s 195 029 | target=laa      | pred=laa      | correct | frames=[ 427,  444) | time=[  8.543,   8.883) s | duration= 0.340 s | soft_mass= 15.29
11972.9s 196 030 | target=la       | pred=na       | wrong   | frames=[ 444,  455) | time=[  8.883,   9.102) s | duration= 0.220 s | soft_mass= 23.97
11972.9s 197 031 | target=mm       | pred=nd       | wrong   | frames=[ 455,  498) | time=[  9.102,   9.963) s | duration= 0.860 s | soft_mass= 27.52
11972.9s 198 032 | target=ba       | pred=ba       | correct | frames=[ 498,  508) | time=[  9.963,  10.162) s | duration= 0.200 s | soft_mass= 13.71
11972.9s 199 033 | target=ʕii      | pred=ʕii      | correct | frames=[ 508,  523) | time=[ 10.162,  10.463) s | duration= 0.300 s | soft_mass= 16.76
11972.9s 200 034 | target=daa      | pred=daa      | correct | frames=[ 523,  562) | time=[ 10.463,  11.259) s | duration= 0.796 s | soft_mass= 36.59
11972.9s 201 ====================================================================================================
11972.9s 202 
11973.7s 203 Best model saved
15797.4s 204 
15797.4s 205 Epoch 4/10
15797.4s 206 Train Loss   : 1.3641
15797.4s 207 Val Loss     : 0.8794
15797.4s 208 Val Accuracy : 77.72%
15797.4s 209 Correct      : 80810/103978
15797.4s 210 LR group 0: 1e-06
15797.4s 211 LR group 1: 0.0001
15797.4s 212 LR group 2: 0.0002
15797.4s 213 LR group 3: 0.0003
15797.4s 214 ------------------------------------------------------------
15797.4s 215 
15797.4s 216 Predicted phoneme boundaries
15797.4s 217 ====================================================================================================
15797.4s 218 000 | target=<sil>    | pred=<sil>    | correct | frames=[   0,   39) | time=[  0.000,   0.782) s | duration= 0.782 s | soft_mass= 27.72
15797.4s 219 001 | target=ʔi       | pred=ʔi       | correct | frames=[  39,   49) | time=[  0.782,   0.983) s | duration= 0.200 s | soft_mass= 26.48
15797.4s 220 002 | target=nn       | pred=nn       | correct | frames=[  49,   93) | time=[  0.983,   1.863) s | duration= 0.880 s | soft_mass= 29.81
15797.4s 221 003 | target=na       | pred=na       | correct | frames=[  93,  103) | time=[  1.863,   2.062) s | duration= 0.200 s | soft_mass= 18.19
15797.4s 222 004 | target=l        | pred=l        | correct | frames=[ 103,  112) | time=[  2.062,   2.243) s | duration= 0.180 s | soft_mass=  9.93
15797.4s 223 005 | target=la       | pred=la       | correct | frames=[ 112,  121) | time=[  2.243,   2.422) s | duration= 0.180 s | soft_mass= 10.72
15797.4s 224 006 | target=ðii      | pred=ðii      | correct | frames=[ 121,  139) | time=[  2.422,   2.783) s | duration= 0.360 s | soft_mass= 13.75
15797.4s 225 007 | target=na       | pred=na       | correct | frames=[ 139,  149) | time=[  2.783,   2.982) s | duration= 0.200 s | soft_mass= 12.04
15797.4s 226 008 | target=ka       | pred=ka       | correct | frames=[ 149,  159) | time=[  2.982,   3.183) s | duration= 0.200 s | soft_mass= 10.18
15797.4s 227 009 | target=fa       | pred=fa       | correct | frames=[ 159,  169) | time=[  3.183,   3.382) s | duration= 0.200 s | soft_mass= 11.04
15797.4s 228 010 | target=rMuu     | pred=rMuu     | correct | frames=[ 169,  185) | time=[  3.382,   3.703) s | duration= 0.320 s | soft_mass= 13.36
15797.4s 229 011 | target=wa       | pred=wa       | correct | frames=[ 185,  196) | time=[  3.703,   3.922) s | duration= 0.220 s | soft_mass= 12.46
15797.4s 230 012 | target=sˤa      | pred=sˤa      | correct | frames=[ 196,  207) | time=[  3.922,   4.143) s | duration= 0.220 s | soft_mass= 10.84
15797.4s 231 013 | target=d        | pred=d        | correct | frames=[ 207,  217) | time=[  4.143,   4.343) s | duration= 0.200 s | soft_mass= 10.88
15797.4s 232 014 | target=duu      | pred=duu      | correct | frames=[ 217,  232) | time=[  4.343,   4.643) s | duration= 0.300 s | soft_mass= 13.52
15797.4s 233 015 | target=ʕa       | pred=ʕa       | correct | frames=[ 232,  244) | time=[  4.643,   4.883) s | duration= 0.240 s | soft_mass= 18.70
15797.4s 234 016 | target=ns       | pred=ns       | correct | frames=[ 244,  281) | time=[  4.883,   5.622) s | duration= 0.740 s | soft_mass= 25.86
15797.4s 235 017 | target=sa       | pred=sa       | correct | frames=[ 281,  292) | time=[  5.622,   5.843) s | duration= 0.220 s | soft_mass= 16.43
15797.4s 236 018 | target=bii      | pred=bii      | correct | frames=[ 292,  308) | time=[  5.843,   6.162) s | duration= 0.320 s | soft_mass= 13.52
15797.4s 237 019 | target=li       | pred=ni       | wrong   | frames=[ 308,  318) | time=[  6.162,   6.362) s | duration= 0.200 s | soft_mass= 12.12
15797.4s 238 020 | target=l        | pred=l        | correct | frames=[ 318,  327) | time=[  6.362,   6.543) s | duration= 0.180 s | soft_mass= 10.57
15797.4s 239 021 | target=laa      | pred=laa      | correct | frames=[ 327,  344) | time=[  6.543,   6.883) s | duration= 0.340 s | soft_mass= 13.37
15797.4s 240 022 | target=hi       | pred=hi       | correct | frames=[ 344,  354) | time=[  6.883,   7.082) s | duration= 0.200 s | soft_mass= 12.44
15797.4s 241 023 | target=qa       | pred=qa       | correct | frames=[ 354,  365) | time=[  7.082,   7.303) s | duration= 0.220 s | soft_mass= 10.70
15797.4s 242 024 | target=dK       | pred=dK       | correct | frames=[ 365,  375) | time=[  7.303,   7.503) s | duration= 0.200 s | soft_mass= 10.47
15797.4s 243 025 | target=dˤa      | pred=dˤa      | correct | frames=[ 375,  386) | time=[  7.503,   7.723) s | duration= 0.220 s | soft_mass= 10.74
15797.4s 244 026 | target=l        | pred=l        | correct | frames=[ 386,  396) | time=[  7.723,   7.923) s | duration= 0.200 s | soft_mass= 11.02
15797.4s 245 027 | target=luu      | pred=luu      | correct | frames=[ 396,  411) | time=[  7.923,   8.223) s | duration= 0.300 s | soft_mass= 13.40
15797.4s 246 028 | target=dˤa      | pred=dˤa      | correct | frames=[ 411,  424) | time=[  8.223,   8.482) s | duration= 0.260 s | soft_mass= 14.46
15797.4s 247 029 | target=laa      | pred=laa      | correct | frames=[ 424,  442) | time=[  8.482,   8.842) s | duration= 0.360 s | soft_mass= 16.00
15797.4s 248 030 | target=la       | pred=la       | correct | frames=[ 442,  453) | time=[  8.842,   9.062) s | duration= 0.220 s | soft_mass= 21.42
15797.4s 249 031 | target=mm       | pred=mm       | correct | frames=[ 453,  496) | time=[  9.062,   9.922) s | duration= 0.860 s | soft_mass= 28.80
15797.4s 250 032 | target=ba       | pred=da       | wrong   | frames=[ 496,  506) | time=[  9.922,  10.123) s | duration= 0.200 s | soft_mass= 16.04
15797.4s 251 033 | target=ʕii      | pred=ʕii      | correct | frames=[ 506,  523) | time=[ 10.123,  10.463) s | duration= 0.340 s | soft_mass= 18.06
15797.4s 252 034 | target=daa      | pred=daa      | correct | frames=[ 523,  562) | time=[ 10.463,  11.259) s | duration= 0.796 s | soft_mass= 36.96
15797.4s 253 ====================================================================================================
15797.4s 254 
15798.2s 255 Best model saved
19606.4s 256 
19606.4s 257 Epoch 5/10
19606.4s 258 Train Loss   : 1.0767
19606.4s 259 Val Loss     : 0.6658
19606.4s 260 Val Accuracy : 83.14%
19606.4s 261 Correct      : 86445/103978
19606.4s 262 LR group 0: 1e-06
19606.4s 263 LR group 1: 0.0001
19606.4s 264 LR group 2: 0.0002
19606.4s 265 LR group 3: 0.0003
19606.4s 266 ------------------------------------------------------------
19606.4s 267 
19606.4s 268 Predicted phoneme boundaries
19606.4s 269 ====================================================================================================
19606.4s 270 000 | target=<sil>    | pred=<sil>    | correct | frames=[   0,   39) | time=[  0.000,   0.782) s | duration= 0.782 s | soft_mass= 27.72
19606.4s 271 001 | target=ʔi       | pred=ʔi       | correct | frames=[  39,   49) | time=[  0.782,   0.983) s | duration= 0.200 s | soft_mass= 24.96
19606.4s 272 002 | target=nn       | pred=nn       | correct | frames=[  49,   92) | time=[  0.983,   1.843) s | duration= 0.860 s | soft_mass= 28.97
19606.4s 273 003 | target=na       | pred=na       | correct | frames=[  92,  101) | time=[  1.843,   2.022) s | duration= 0.180 s | soft_mass= 19.03
19606.4s 274 004 | target=l        | pred=l        | correct | frames=[ 101,  111) | time=[  2.022,   2.223) s | duration= 0.200 s | soft_mass=  9.80
19606.4s 275 005 | target=la       | pred=la       | correct | frames=[ 111,  120) | time=[  2.223,   2.402) s | duration= 0.180 s | soft_mass= 10.35
19606.4s 276 006 | target=ðii      | pred=ðii      | correct | frames=[ 120,  138) | time=[  2.402,   2.763) s | duration= 0.360 s | soft_mass= 14.05
19606.4s 277 007 | target=na       | pred=na       | correct | frames=[ 138,  148) | time=[  2.763,   2.962) s | duration= 0.200 s | soft_mass= 12.71
19606.4s 278 008 | target=ka       | pred=ka       | correct | frames=[ 148,  158) | time=[  2.962,   3.163) s | duration= 0.200 s | soft_mass= 10.52
19606.4s 279 009 | target=fa       | pred=fa       | correct | frames=[ 158,  169) | time=[  3.163,   3.382) s | duration= 0.220 s | soft_mass= 11.12
19606.4s 280 010 | target=rMuu     | pred=rMuu     | correct | frames=[ 169,  186) | time=[  3.382,   3.723) s | duration= 0.340 s | soft_mass= 13.79
19606.4s 281 011 | target=wa       | pred=wa       | correct | frames=[ 186,  196) | time=[  3.723,   3.922) s | duration= 0.200 s | soft_mass= 12.54
19606.4s 282 012 | target=sˤa      | pred=sˤa      | correct | frames=[ 196,  206) | time=[  3.922,   4.122) s | duration= 0.200 s | soft_mass= 10.34
19606.4s 283 013 | target=d        | pred=d        | correct | frames=[ 206,  216) | time=[  4.122,   4.322) s | duration= 0.200 s | soft_mass= 11.17
19606.4s 284 014 | target=duu      | pred=duu      | correct | frames=[ 216,  234) | time=[  4.322,   4.683) s | duration= 0.360 s | soft_mass= 14.61
19606.4s 285 015 | target=ʕa       | pred=ʕa       | correct | frames=[ 234,  245) | time=[  4.683,   4.902) s | duration= 0.220 s | soft_mass= 18.64
19606.4s 286 016 | target=ns       | pred=ns       | correct | frames=[ 245,  281) | time=[  4.902,   5.622) s | duration= 0.720 s | soft_mass= 25.54
19606.4s 287 017 | target=sa       | pred=sa       | correct | frames=[ 281,  291) | time=[  5.622,   5.822) s | duration= 0.200 s | soft_mass= 16.33
19606.4s 288 018 | target=bii      | pred=bii      | correct | frames=[ 291,  309) | time=[  5.822,   6.183) s | duration= 0.360 s | soft_mass= 14.03
19606.4s 289 019 | target=li       | pred=ni       | wrong   | frames=[ 309,  319) | time=[  6.183,   6.383) s | duration= 0.200 s | soft_mass= 12.25
19606.4s 290 020 | target=l        | pred=l        | correct | frames=[ 319,  328) | time=[  6.383,   6.562) s | duration= 0.180 s | soft_mass= 10.74
19606.4s 291 021 | target=laa      | pred=laa      | correct | frames=[ 328,  344) | time=[  6.562,   6.883) s | duration= 0.320 s | soft_mass= 12.97
19606.4s 292 022 | target=hi       | pred=hi       | correct | frames=[ 344,  354) | time=[  6.883,   7.082) s | duration= 0.200 s | soft_mass= 12.24
19606.4s 293 023 | target=qa       | pred=qa       | correct | frames=[ 354,  366) | time=[  7.082,   7.322) s | duration= 0.240 s | soft_mass= 10.98
19606.4s 294 024 | target=dK       | pred=dK       | correct | frames=[ 366,  376) | time=[  7.322,   7.522) s | duration= 0.200 s | soft_mass= 10.39
19606.4s 295 025 | target=dˤa      | pred=dˤa      | correct | frames=[ 376,  386) | time=[  7.522,   7.723) s | duration= 0.200 s | soft_mass= 10.02
19606.4s 296 026 | target=l        | pred=l        | correct | frames=[ 386,  395) | time=[  7.723,   7.902) s | duration= 0.180 s | soft_mass= 10.95
19606.4s 297 027 | target=luu      | pred=luu      | correct | frames=[ 395,  413) | time=[  7.902,   8.262) s | duration= 0.360 s | soft_mass= 14.23
19606.4s 298 028 | target=dˤa      | pred=dˤa      | correct | frames=[ 413,  424) | time=[  8.262,   8.482) s | duration= 0.220 s | soft_mass= 13.95
19606.4s 299 029 | target=laa      | pred=laa      | correct | frames=[ 424,  442) | time=[  8.482,   8.842) s | duration= 0.360 s | soft_mass= 15.31
19606.4s 300 030 | target=la       | pred=l        | wrong   | frames=[ 442,  453) | time=[  8.842,   9.062) s | duration= 0.220 s | soft_mass= 19.87
19606.4s 301 031 | target=mm       | pred=mm       | correct | frames=[ 453,  496) | time=[  9.062,   9.922) s | duration= 0.860 s | soft_mass= 28.86
19606.4s 302 032 | target=ba       | pred=ba       | correct | frames=[ 496,  505) | time=[  9.922,  10.102) s | duration= 0.180 s | soft_mass= 16.94
19606.4s 303 033 | target=ʕii      | pred=ʕii      | correct | frames=[ 505,  523) | time=[ 10.102,  10.463) s | duration= 0.360 s | soft_mass= 18.26
19606.4s 304 034 | target=daa      | pred=daa      | correct | frames=[ 523,  562) | time=[ 10.463,  11.259) s | duration= 0.796 s | soft_mass= 37.81
19606.4s 305 ====================================================================================================
19606.4s 306 
19607.2s 307 Best model saved
23423.0s 308 
23423.0s 309 Epoch 6/10
23423.0s 310 Train Loss   : 0.8514
23423.0s 311 Val Loss     : 0.6045
23423.0s 312 Val Accuracy : 84.82%
23423.0s 313 Correct      : 88198/103978
23423.0s 314 LR group 0: 1e-06
23423.0s 315 LR group 1: 0.0001
23423.0s 316 LR group 2: 0.0002
23423.0s 317 LR group 3: 0.0003
23423.0s 318 ------------------------------------------------------------
23423.0s 319 
23423.0s 320 Predicted phoneme boundaries
23423.0s 321 ====================================================================================================
23423.0s 322 000 | target=<sil>    | pred=<sil>    | correct | frames=[   0,   40) | time=[  0.000,   0.802) s | duration= 0.802 s | soft_mass= 28.89
23423.0s 323 001 | target=ʔi       | pred=ʔi       | correct | frames=[  40,   51) | time=[  0.802,   1.022) s | duration= 0.220 s | soft_mass= 28.23
23423.0s 324 002 | target=nn       | pred=nn       | correct | frames=[  51,   94) | time=[  1.022,   1.883) s | duration= 0.860 s | soft_mass= 29.53
23423.0s 325 003 | target=na       | pred=na       | correct | frames=[  94,  103) | time=[  1.883,   2.062) s | duration= 0.180 s | soft_mass= 16.31
23423.0s 326 004 | target=l        | pred=l        | correct | frames=[ 103,  112) | time=[  2.062,   2.243) s | duration= 0.180 s | soft_mass=  9.74
23423.0s 327 005 | target=la       | pred=la       | correct | frames=[ 112,  122) | time=[  2.243,   2.442) s | duration= 0.200 s | soft_mass= 10.73
23423.0s 328 006 | target=ðii      | pred=ðii      | correct | frames=[ 122,  139) | time=[  2.442,   2.783) s | duration= 0.340 s | soft_mass= 14.01
23423.0s 329 007 | target=na       | pred=na       | correct | frames=[ 139,  149) | time=[  2.783,   2.982) s | duration= 0.200 s | soft_mass= 11.95
23423.0s 330 008 | target=ka       | pred=ka       | correct | frames=[ 149,  159) | time=[  2.982,   3.183) s | duration= 0.200 s | soft_mass= 10.35
23423.0s 331 009 | target=fa       | pred=fa       | correct | frames=[ 159,  170) | time=[  3.183,   3.402) s | duration= 0.220 s | soft_mass= 11.40
23423.0s 332 010 | target=rMuu     | pred=rMuu     | correct | frames=[ 170,  187) | time=[  3.402,   3.743) s | duration= 0.340 s | soft_mass= 14.29
23423.0s 333 011 | target=wa       | pred=wa       | correct | frames=[ 187,  198) | time=[  3.743,   3.962) s | duration= 0.220 s | soft_mass= 12.33
23423.0s 334 012 | target=sˤa      | pred=sˤa      | correct | frames=[ 198,  207) | time=[  3.962,   4.143) s | duration= 0.180 s | soft_mass= 10.11
23423.0s 335 013 | target=d        | pred=d        | correct | frames=[ 207,  217) | time=[  4.143,   4.343) s | duration= 0.200 s | soft_mass= 10.72
23423.0s 336 014 | target=duu      | pred=duu      | correct | frames=[ 217,  234) | time=[  4.343,   4.683) s | duration= 0.340 s | soft_mass= 14.41
23423.0s 337 015 | target=ʕa       | pred=ʕa       | correct | frames=[ 234,  246) | time=[  4.683,   4.923) s | duration= 0.240 s | soft_mass= 20.48
23423.0s 338 016 | target=ns       | pred=ns       | correct | frames=[ 246,  283) | time=[  4.923,   5.662) s | duration= 0.740 s | soft_mass= 25.82
23423.0s 339 017 | target=sa       | pred=sa       | correct | frames=[ 283,  293) | time=[  5.662,   5.862) s | duration= 0.200 s | soft_mass= 15.70
23423.0s 340 018 | target=bii      | pred=bii      | correct | frames=[ 293,  311) | time=[  5.862,   6.223) s | duration= 0.360 s | soft_mass= 14.22
23423.0s 341 019 | target=li       | pred=ni       | wrong   | frames=[ 311,  320) | time=[  6.223,   6.402) s | duration= 0.180 s | soft_mass= 11.45
23423.0s 342 020 | target=l        | pred=l        | correct | frames=[ 320,  330) | time=[  6.402,   6.603) s | duration= 0.200 s | soft_mass= 10.76
23423.0s 343 021 | target=laa      | pred=laa      | correct | frames=[ 330,  346) | time=[  6.603,   6.923) s | duration= 0.320 s | soft_mass= 13.44
23423.0s 344 022 | target=hi       | pred=hi       | correct | frames=[ 346,  357) | time=[  6.923,   7.143) s | duration= 0.220 s | soft_mass= 12.13
23423.0s 345 023 | target=qa       | pred=qa       | correct | frames=[ 357,  367) | time=[  7.143,   7.343) s | duration= 0.200 s | soft_mass= 10.19
23423.0s 346 024 | target=dK       | pred=dK       | correct | frames=[ 367,  377) | time=[  7.343,   7.543) s | duration= 0.200 s | soft_mass=  9.53
23423.0s 347 025 | target=dˤa      | pred=dˤa      | correct | frames=[ 377,  386) | time=[  7.543,   7.723) s | duration= 0.180 s | soft_mass=  9.41
23423.0s 348 026 | target=l        | pred=l        | correct | frames=[ 386,  396) | time=[  7.723,   7.923) s | duration= 0.200 s | soft_mass= 10.77
23423.0s 349 027 | target=luu      | pred=luu      | correct | frames=[ 396,  413) | time=[  7.923,   8.262) s | duration= 0.340 s | soft_mass= 13.96
23423.0s 350 028 | target=dˤa      | pred=dˤa      | correct | frames=[ 413,  423) | time=[  8.262,   8.463) s | duration= 0.200 s | soft_mass= 13.05
23423.0s 351 029 | target=laa      | pred=laa      | correct | frames=[ 423,  441) | time=[  8.463,   8.822) s | duration= 0.360 s | soft_mass= 14.77
23423.0s 352 030 | target=la       | pred=na       | wrong   | frames=[ 441,  452) | time=[  8.822,   9.043) s | duration= 0.220 s | soft_mass= 20.45
23423.0s 353 031 | target=mm       | pred=mm       | correct | frames=[ 452,  496) | time=[  9.043,   9.922) s | duration= 0.880 s | soft_mass= 29.46
23423.0s 354 032 | target=ba       | pred=ba       | correct | frames=[ 496,  505) | time=[  9.922,  10.102) s | duration= 0.180 s | soft_mass= 17.85
23423.0s 355 033 | target=ʕii      | pred=ʕii      | correct | frames=[ 505,  524) | time=[ 10.102,  10.482) s | duration= 0.380 s | soft_mass= 18.69
23423.0s 356 034 | target=daa      | pred=daa      | correct | frames=[ 524,  562) | time=[ 10.482,  11.259) s | duration= 0.776 s | soft_mass= 36.85
23423.0s 357 ====================================================================================================
23423.0s 358 
23423.8s 359 Best model saved
27249.1s 360 
27249.1s 361 Epoch 7/10
27249.1s 362 Train Loss   : 0.6996
27249.1s 363 Val Loss     : 0.5072
27249.1s 364 Val Accuracy : 87.17%
27249.1s 365 Correct      : 90639/103978
27249.1s 366 LR group 0: 1e-06
27249.1s 367 LR group 1: 0.0001
27249.1s 368 LR group 2: 0.0002
27249.1s 369 LR group 3: 0.0003
27249.1s 370 ------------------------------------------------------------
27249.1s 371 
27249.1s 372 Predicted phoneme boundaries
27249.1s 373 ====================================================================================================
27249.1s 374 000 | target=<sil>    | pred=<sil>    | correct | frames=[   0,   39) | time=[  0.000,   0.782) s | duration= 0.782 s | soft_mass= 28.72
27249.1s 375 001 | target=ʔi       | pred=ʔi       | correct | frames=[  39,   50) | time=[  0.782,   1.002) s | duration= 0.220 s | soft_mass= 26.27
27249.1s 376 002 | target=nn       | pred=nn       | correct | frames=[  50,   92) | time=[  1.002,   1.843) s | duration= 0.840 s | soft_mass= 28.95
27249.1s 377 003 | target=na       | pred=na       | correct | frames=[  92,  102) | time=[  1.843,   2.042) s | duration= 0.200 s | soft_mass= 17.37
27249.1s 378 004 | target=l        | pred=l        | correct | frames=[ 102,  111) | time=[  2.042,   2.223) s | duration= 0.180 s | soft_mass=  9.79
27249.1s 379 005 | target=la       | pred=la       | correct | frames=[ 111,  121) | time=[  2.223,   2.422) s | duration= 0.200 s | soft_mass= 10.71
27249.1s 380 006 | target=ðii      | pred=ðii      | correct | frames=[ 121,  139) | time=[  2.422,   2.783) s | duration= 0.360 s | soft_mass= 14.11
27249.1s 381 007 | target=na       | pred=na       | correct | frames=[ 139,  148) | time=[  2.783,   2.962) s | duration= 0.180 s | soft_mass= 12.23
27249.1s 382 008 | target=ka       | pred=ka       | correct | frames=[ 148,  158) | time=[  2.962,   3.163) s | duration= 0.200 s | soft_mass= 10.17
27249.1s 383 009 | target=fa       | pred=fa       | correct | frames=[ 158,  168) | time=[  3.163,   3.362) s | duration= 0.200 s | soft_mass= 10.95
27249.1s 384 010 | target=rMuu     | pred=rMuu     | correct | frames=[ 168,  185) | time=[  3.362,   3.703) s | duration= 0.340 s | soft_mass= 13.33
27249.1s 385 011 | target=wa       | pred=wa       | correct | frames=[ 185,  195) | time=[  3.703,   3.902) s | duration= 0.200 s | soft_mass= 11.83
27249.1s 386 012 | target=sˤa      | pred=sˤa      | correct | frames=[ 195,  205) | time=[  3.902,   4.103) s | duration= 0.200 s | soft_mass= 10.21
27249.1s 387 013 | target=d        | pred=d        | correct | frames=[ 205,  215) | time=[  4.103,   4.303) s | duration= 0.200 s | soft_mass= 10.63
27249.1s 388 014 | target=duu      | pred=duu      | correct | frames=[ 215,  228) | time=[  4.303,   4.562) s | duration= 0.260 s | soft_mass= 13.47
27249.1s 389 015 | target=ʕa       | pred=ʕa       | correct | frames=[ 228,  243) | time=[  4.562,   4.862) s | duration= 0.300 s | soft_mass= 16.52
27249.1s 390 016 | target=ns       | pred=anθ      | wrong   | frames=[ 243,  279) | time=[  4.862,   5.582) s | duration= 0.720 s | soft_mass= 24.77
27249.1s 391 017 | target=sa       | pred=sa       | correct | frames=[ 279,  290) | time=[  5.582,   5.803) s | duration= 0.220 s | soft_mass= 19.28
27249.1s 392 018 | target=bii      | pred=fii      | wrong   | frames=[ 290,  302) | time=[  5.803,   6.043) s | duration= 0.240 s | soft_mass= 14.29
27249.1s 393 019 | target=li       | pred=li       | correct | frames=[ 302,  318) | time=[  6.043,   6.362) s | duration= 0.320 s | soft_mass= 13.19
27249.1s 394 020 | target=l        | pred=l        | correct | frames=[ 318,  327) | time=[  6.362,   6.543) s | duration= 0.180 s | soft_mass= 10.76
27249.1s 395 021 | target=laa      | pred=laa      | correct | frames=[ 327,  343) | time=[  6.543,   6.862) s | duration= 0.320 s | soft_mass= 12.71
27249.1s 396 022 | target=hi       | pred=hi       | correct | frames=[ 343,  353) | time=[  6.862,   7.062) s | duration= 0.200 s | soft_mass= 12.57
27249.1s 397 023 | target=qa       | pred=qa       | correct | frames=[ 353,  364) | time=[  7.062,   7.282) s | duration= 0.220 s | soft_mass= 10.88
27249.1s 398 024 | target=dK       | pred=dK       | correct | frames=[ 364,  375) | time=[  7.282,   7.503) s | duration= 0.220 s | soft_mass= 10.40
27249.1s 399 025 | target=dˤa      | pred=dˤa      | correct | frames=[ 375,  384) | time=[  7.503,   7.683) s | duration= 0.180 s | soft_mass= 10.01
27249.1s 400 026 | target=l        | pred=l        | correct | frames=[ 384,  394) | time=[  7.683,   7.883) s | duration= 0.200 s | soft_mass= 10.57
27249.1s 401 027 | target=luu      | pred=luu      | correct | frames=[ 394,  411) | time=[  7.883,   8.223) s | duration= 0.340 s | soft_mass= 13.69
27249.1s 402 028 | target=dˤa      | pred=dˤa      | correct | frames=[ 411,  422) | time=[  8.223,   8.443) s | duration= 0.220 s | soft_mass= 14.00
27249.1s 403 029 | target=laa      | pred=laa      | correct | frames=[ 422,  441) | time=[  8.443,   8.822) s | duration= 0.380 s | soft_mass= 15.54
27249.1s 404 030 | target=la       | pred=la       | correct | frames=[ 441,  452) | time=[  8.822,   9.043) s | duration= 0.220 s | soft_mass= 20.12
27249.1s 405 031 | target=mm       | pred=mm       | correct | frames=[ 452,  495) | time=[  9.043,   9.902) s | duration= 0.860 s | soft_mass= 29.19
27249.1s 406 032 | target=ba       | pred=ba       | correct | frames=[ 495,  505) | time=[  9.902,  10.102) s | duration= 0.200 s | soft_mass= 18.43
27249.1s 407 033 | target=ʕii      | pred=ʕii      | correct | frames=[ 505,  523) | time=[ 10.102,  10.463) s | duration= 0.360 s | soft_mass= 18.54
27249.1s 408 034 | target=daa      | pred=daa      | correct | frames=[ 523,  562) | time=[ 10.463,  11.259) s | duration= 0.796 s | soft_mass= 37.79
27249.1s 409 ====================================================================================================
27249.1s 410 
27249.9s 411 Best model saved
31070.9s 412 
31070.9s 413 Epoch 8/10
31070.9s 414 Train Loss   : 0.5974
31070.9s 415 Val Loss     : 0.4360
31070.9s 416 Val Accuracy : 89.04%
31070.9s 417 Correct      : 92582/103978
31070.9s 418 LR group 0: 1e-06
31070.9s 419 LR group 1: 0.0001
31070.9s 420 LR group 2: 0.0002
31070.9s 421 LR group 3: 0.0003
31070.9s 422 ------------------------------------------------------------
31070.9s 423 
31070.9s 424 Predicted phoneme boundaries
31070.9s 425 ====================================================================================================
31070.9s 426 000 | target=<sil>    | pred=<sil>    | correct | frames=[   0,   39) | time=[  0.000,   0.782) s | duration= 0.782 s | soft_mass= 28.30
31070.9s 427 001 | target=ʔi       | pred=ʔi       | correct | frames=[  39,   50) | time=[  0.782,   1.002) s | duration= 0.220 s | soft_mass= 27.08
31070.9s 428 002 | target=nn       | pred=nn       | correct | frames=[  50,   92) | time=[  1.002,   1.843) s | duration= 0.840 s | soft_mass= 29.01
31070.9s 429 003 | target=na       | pred=na       | correct | frames=[  92,  102) | time=[  1.843,   2.042) s | duration= 0.200 s | soft_mass= 17.10
31070.9s 430 004 | target=l        | pred=l        | correct | frames=[ 102,  111) | time=[  2.042,   2.223) s | duration= 0.180 s | soft_mass=  9.80
31070.9s 431 005 | target=la       | pred=la       | correct | frames=[ 111,  121) | time=[  2.223,   2.422) s | duration= 0.200 s | soft_mass= 10.37
31070.9s 432 006 | target=ðii      | pred=ðii      | correct | frames=[ 121,  138) | time=[  2.422,   2.763) s | duration= 0.340 s | soft_mass= 13.62
31070.9s 433 007 | target=na       | pred=na       | correct | frames=[ 138,  148) | time=[  2.763,   2.962) s | duration= 0.200 s | soft_mass= 12.46
31070.9s 434 008 | target=ka       | pred=ka       | correct | frames=[ 148,  158) | time=[  2.962,   3.163) s | duration= 0.200 s | soft_mass= 10.70
31070.9s 435 009 | target=fa       | pred=fa       | correct | frames=[ 158,  169) | time=[  3.163,   3.382) s | duration= 0.220 s | soft_mass= 11.68
31070.9s 436 010 | target=rMuu     | pred=rMuu     | correct | frames=[ 169,  186) | time=[  3.382,   3.723) s | duration= 0.340 s | soft_mass= 14.06
31070.9s 437 011 | target=wa       | pred=wa       | correct | frames=[ 186,  196) | time=[  3.723,   3.922) s | duration= 0.200 s | soft_mass= 12.29
31070.9s 438 012 | target=sˤa      | pred=sˤa      | correct | frames=[ 196,  207) | time=[  3.922,   4.143) s | duration= 0.220 s | soft_mass= 10.39
31070.9s 439 013 | target=d        | pred=d        | correct | frames=[ 207,  217) | time=[  4.143,   4.343) s | duration= 0.200 s | soft_mass= 11.20
31070.9s 440 014 | target=duu      | pred=duu      | correct | frames=[ 217,  235) | time=[  4.343,   4.702) s | duration= 0.360 s | soft_mass= 14.92
31070.9s 441 015 | target=ʕa       | pred=ʕa       | correct | frames=[ 235,  246) | time=[  4.702,   4.923) s | duration= 0.220 s | soft_mass= 20.43
31070.9s 442 016 | target=ns       | pred=ns       | correct | frames=[ 246,  283) | time=[  4.923,   5.662) s | duration= 0.740 s | soft_mass= 25.52
31070.9s 443 017 | target=sa       | pred=sa       | correct | frames=[ 283,  293) | time=[  5.662,   5.862) s | duration= 0.200 s | soft_mass= 15.72
31070.9s 444 018 | target=bii      | pred=bii      | correct | frames=[ 293,  311) | time=[  5.862,   6.223) s | duration= 0.360 s | soft_mass= 14.22
31070.9s 445 019 | target=li       | pred=li       | correct | frames=[ 311,  320) | time=[  6.223,   6.402) s | duration= 0.180 s | soft_mass= 11.51
31070.9s 446 020 | target=l        | pred=l        | correct | frames=[ 320,  330) | time=[  6.402,   6.603) s | duration= 0.200 s | soft_mass= 10.88
31070.9s 447 021 | target=laa      | pred=laa      | correct | frames=[ 330,  346) | time=[  6.603,   6.923) s | duration= 0.320 s | soft_mass= 13.48
31070.9s 448 022 | target=hi       | pred=hi       | correct | frames=[ 346,  357) | time=[  6.923,   7.143) s | duration= 0.220 s | soft_mass= 12.13
31070.9s 449 023 | target=qa       | pred=qa       | correct | frames=[ 357,  367) | time=[  7.143,   7.343) s | duration= 0.200 s | soft_mass= 10.34
31070.9s 450 024 | target=dK       | pred=ða       | wrong   | frames=[ 367,  377) | time=[  7.343,   7.543) s | duration= 0.200 s | soft_mass=  9.89
31070.9s 451 025 | target=dˤa      | pred=dˤa      | correct | frames=[ 377,  387) | time=[  7.543,   7.742) s | duration= 0.200 s | soft_mass=  9.99
31070.9s 452 026 | target=l        | pred=l        | correct | frames=[ 387,  397) | time=[  7.742,   7.942) s | duration= 0.200 s | soft_mass= 11.24
31070.9s 453 027 | target=luu      | pred=luu      | correct | frames=[ 397,  414) | time=[  7.942,   8.283) s | duration= 0.340 s | soft_mass= 14.18
31070.9s 454 028 | target=dˤa      | pred=dˤa      | correct | frames=[ 414,  424) | time=[  8.283,   8.482) s | duration= 0.200 s | soft_mass= 13.54
31070.9s 455 029 | target=laa      | pred=laa      | correct | frames=[ 424,  443) | time=[  8.482,   8.863) s | duration= 0.380 s | soft_mass= 15.54
31070.9s 456 030 | target=la       | pred=la       | correct | frames=[ 443,  454) | time=[  8.863,   9.082) s | duration= 0.220 s | soft_mass= 21.60
31070.9s 457 031 | target=mm       | pred=mm       | correct | frames=[ 454,  496) | time=[  9.082,   9.922) s | duration= 0.840 s | soft_mass= 28.22
31070.9s 458 032 | target=ba       | pred=ba       | correct | frames=[ 496,  506) | time=[  9.922,  10.123) s | duration= 0.200 s | soft_mass= 15.73
31070.9s 459 033 | target=ʕii      | pred=ʕii      | correct | frames=[ 506,  524) | time=[ 10.123,  10.482) s | duration= 0.360 s | soft_mass= 18.08
31070.9s 460 034 | target=daa      | pred=daa      | correct | frames=[ 524,  562) | time=[ 10.482,  11.259) s | duration= 0.776 s | soft_mass= 36.77
31070.9s 461 ====================================================================================================
31070.9s 462 
31071.8s 463 Best model saved
34893.8s 464 
34893.8s 465 Epoch 9/10
34893.8s 466 Train Loss   : 0.5218
34893.8s 467 Val Loss     : 0.3867
34893.8s 468 Val Accuracy : 89.96%
34893.8s 469 Correct      : 93538/103978
34893.8s 470 LR group 0: 1e-06
34893.8s 471 LR group 1: 0.0001
34893.8s 472 LR group 2: 0.0002
34893.8s 473 LR group 3: 0.0003
34893.8s 474 ------------------------------------------------------------
34893.8s 475 
34893.8s 476 Predicted phoneme boundaries
34893.8s 477 ====================================================================================================
34893.8s 478 000 | target=<sil>    | pred=<sil>    | correct | frames=[   0,   39) | time=[  0.000,   0.782) s | duration= 0.782 s | soft_mass= 28.32
34893.8s 479 001 | target=ʔi       | pred=ʔi       | correct | frames=[  39,   50) | time=[  0.782,   1.002) s | duration= 0.220 s | soft_mass= 25.61
34893.8s 480 002 | target=nn       | pred=nn       | correct | frames=[  50,   92) | time=[  1.002,   1.843) s | duration= 0.840 s | soft_mass= 28.60
34893.8s 481 003 | target=na       | pred=na       | correct | frames=[  92,  101) | time=[  1.843,   2.022) s | duration= 0.180 s | soft_mass= 18.24
34893.8s 482 004 | target=l        | pred=l        | correct | frames=[ 101,  111) | time=[  2.022,   2.223) s | duration= 0.200 s | soft_mass= 10.02
34893.8s 483 005 | target=la       | pred=la       | correct | frames=[ 111,  121) | time=[  2.223,   2.422) s | duration= 0.200 s | soft_mass= 10.61
34893.8s 484 006 | target=ðii      | pred=ðii      | correct | frames=[ 121,  138) | time=[  2.422,   2.763) s | duration= 0.340 s | soft_mass= 13.55
34893.8s 485 007 | target=na       | pred=na       | correct | frames=[ 138,  147) | time=[  2.763,   2.942) s | duration= 0.180 s | soft_mass= 12.28
34893.8s 486 008 | target=ka       | pred=ka       | correct | frames=[ 147,  158) | time=[  2.942,   3.163) s | duration= 0.220 s | soft_mass= 10.39
34893.8s 487 009 | target=fa       | pred=fa       | correct | frames=[ 158,  168) | time=[  3.163,   3.362) s | duration= 0.200 s | soft_mass= 11.04
34893.8s 488 010 | target=rMuu     | pred=rMuu     | correct | frames=[ 168,  185) | time=[  3.362,   3.703) s | duration= 0.340 s | soft_mass= 13.79
34893.8s 489 011 | target=wa       | pred=wa       | correct | frames=[ 185,  196) | time=[  3.703,   3.922) s | duration= 0.220 s | soft_mass= 12.96
34893.8s 490 012 | target=sˤa      | pred=sˤa      | correct | frames=[ 196,  206) | time=[  3.922,   4.122) s | duration= 0.200 s | soft_mass= 10.72
34893.8s 491 013 | target=d        | pred=d        | correct | frames=[ 206,  216) | time=[  4.122,   4.322) s | duration= 0.200 s | soft_mass= 11.05
34893.8s 492 014 | target=duu      | pred=duu      | correct | frames=[ 216,  233) | time=[  4.322,   4.662) s | duration= 0.340 s | soft_mass= 13.77
34893.8s 493 015 | target=ʕa       | pred=ʕa       | correct | frames=[ 233,  244) | time=[  4.662,   4.883) s | duration= 0.220 s | soft_mass= 17.02
34893.8s 494 016 | target=ns       | pred=ns       | correct | frames=[ 244,  280) | time=[  4.883,   5.603) s | duration= 0.720 s | soft_mass= 24.93
34893.8s 495 017 | target=sa       | pred=sa       | correct | frames=[ 280,  291) | time=[  5.603,   5.822) s | duration= 0.220 s | soft_mass= 17.60
34893.8s 496 018 | target=bii      | pred=bii      | correct | frames=[ 291,  308) | time=[  5.822,   6.162) s | duration= 0.340 s | soft_mass= 13.95
34893.8s 497 019 | target=li       | pred=li       | correct | frames=[ 308,  318) | time=[  6.162,   6.362) s | duration= 0.200 s | soft_mass= 12.54
34893.8s 498 020 | target=l        | pred=l        | correct | frames=[ 318,  327) | time=[  6.362,   6.543) s | duration= 0.180 s | soft_mass= 10.64
34893.8s 499 021 | target=laa      | pred=laa      | correct | frames=[ 327,  343) | time=[  6.543,   6.862) s | duration= 0.320 s | soft_mass= 12.89
34893.8s 500 022 | target=hi       | pred=hi       | correct | frames=[ 343,  353) | time=[  6.862,   7.062) s | duration= 0.200 s | soft_mass= 12.26
34893.8s 501 023 | target=qa       | pred=qa       | correct | frames=[ 353,  364) | time=[  7.062,   7.282) s | duration= 0.220 s | soft_mass= 10.51
34893.8s 502 024 | target=dK       | pred=dK       | correct | frames=[ 364,  374) | time=[  7.282,   7.482) s | duration= 0.200 s | soft_mass= 10.18
34893.8s 503 025 | target=dˤa      | pred=dˤa      | correct | frames=[ 374,  384) | time=[  7.482,   7.683) s | duration= 0.200 s | soft_mass= 10.35
34893.8s 504 026 | target=l        | pred=l        | correct | frames=[ 384,  394) | time=[  7.683,   7.883) s | duration= 0.200 s | soft_mass= 10.70
34893.8s 505 027 | target=luu      | pred=luu      | correct | frames=[ 394,  410) | time=[  7.883,   8.203) s | duration= 0.320 s | soft_mass= 13.03
34893.8s 506 028 | target=dˤa      | pred=dˤa      | correct | frames=[ 410,  422) | time=[  8.203,   8.443) s | duration= 0.240 s | soft_mass= 14.23
34893.8s 507 029 | target=laa      | pred=laa      | correct | frames=[ 422,  441) | time=[  8.443,   8.822) s | duration= 0.380 s | soft_mass= 15.59
34893.8s 508 030 | target=la       | pred=laa      | wrong   | frames=[ 441,  452) | time=[  8.822,   9.043) s | duration= 0.220 s | soft_mass= 19.04
34893.8s 509 031 | target=mm       | pred=mm       | correct | frames=[ 452,  494) | time=[  9.043,   9.883) s | duration= 0.840 s | soft_mass= 28.76
34893.8s 510 032 | target=ba       | pred=ba       | correct | frames=[ 494,  504) | time=[  9.883,  10.082) s | duration= 0.200 s | soft_mass= 19.50
34893.8s 511 033 | target=ʕii      | pred=ʕii      | correct | frames=[ 504,  523) | time=[ 10.082,  10.463) s | duration= 0.380 s | soft_mass= 18.81
34893.8s 512 034 | target=daa      | pred=daa      | correct | frames=[ 523,  562) | time=[ 10.463,  11.259) s | duration= 0.796 s | soft_mass= 38.51
34893.8s 513 ====================================================================================================
34893.8s 514 
34894.6s 515 Best model saved
38713.7s 516 
38713.7s 517 Epoch 10/10
38713.7s 518 Train Loss   : 0.4669
38713.7s 519 Val Loss     : 0.3681
38713.7s 520 Val Accuracy : 91.23%
38713.7s 521 Correct      : 94855/103978
38713.7s 522 LR group 0: 1e-06
38713.7s 523 LR group 1: 0.0001
38713.7s 524 LR group 2: 0.0002
38713.7s 525 LR group 3: 0.0003
38713.7s 526 ------------------------------------------------------------
38713.7s 527 
38713.7s 528 Predicted phoneme boundaries
38713.7s 529 ====================================================================================================
38713.7s 530 000 | target=<sil>    | pred=<sil>    | correct | frames=[   0,   39) | time=[  0.000,   0.782) s | duration= 0.782 s | soft_mass= 27.75
38713.7s 531 001 | target=ʔi       | pred=ʔi       | correct | frames=[  39,   51) | time=[  0.782,   1.022) s | duration= 0.240 s | soft_mass= 27.44
38713.7s 532 002 | target=nn       | pred=nn       | correct | frames=[  51,   92) | time=[  1.022,   1.843) s | duration= 0.820 s | soft_mass= 28.94
38713.7s 533 003 | target=na       | pred=na       | correct | frames=[  92,  102) | time=[  1.843,   2.042) s | duration= 0.200 s | soft_mass= 17.45
38713.7s 534 004 | target=l        | pred=l        | correct | frames=[ 102,  111) | time=[  2.042,   2.223) s | duration= 0.180 s | soft_mass=  9.93
38713.7s 535 005 | target=la       | pred=la       | correct | frames=[ 111,  121) | time=[  2.223,   2.422) s | duration= 0.200 s | soft_mass= 10.68
38713.7s 536 006 | target=ðii      | pred=ðii      | correct | frames=[ 121,  138) | time=[  2.422,   2.763) s | duration= 0.340 s | soft_mass= 13.78
38713.7s 537 007 | target=na       | pred=na       | correct | frames=[ 138,  148) | time=[  2.763,   2.962) s | duration= 0.200 s | soft_mass= 12.54
38713.7s 538 008 | target=ka       | pred=ka       | correct | frames=[ 148,  159) | time=[  2.962,   3.183) s | duration= 0.220 s | soft_mass= 10.63
38713.7s 539 009 | target=fa       | pred=fa       | correct | frames=[ 159,  169) | time=[  3.183,   3.382) s | duration= 0.200 s | soft_mass= 11.42
38713.7s 540 010 | target=rMuu     | pred=rMuu     | correct | frames=[ 169,  186) | time=[  3.382,   3.723) s | duration= 0.340 s | soft_mass= 13.62
38713.7s 541 011 | target=wa       | pred=wa       | correct | frames=[ 186,  196) | time=[  3.723,   3.922) s | duration= 0.200 s | soft_mass= 11.97
38713.7s 542 012 | target=sˤa      | pred=sˤa      | correct | frames=[ 196,  206) | time=[  3.922,   4.122) s | duration= 0.200 s | soft_mass= 10.32
38713.7s 543 013 | target=d        | pred=d        | correct | frames=[ 206,  217) | time=[  4.122,   4.343) s | duration= 0.220 s | soft_mass= 10.96
38713.7s 544 014 | target=duu      | pred=duu      | correct | frames=[ 217,  233) | time=[  4.343,   4.662) s | duration= 0.320 s | soft_mass= 13.67
38713.7s 545 015 | target=ʕa       | pred=ʕa       | correct | frames=[ 233,  245) | time=[  4.662,   4.902) s | duration= 0.240 s | soft_mass= 16.54
38713.7s 546 016 | target=ns       | pred=ns       | correct | frames=[ 245,  280) | time=[  4.902,   5.603) s | duration= 0.700 s | soft_mass= 24.44
38713.7s 547 017 | target=sa       | pred=sa       | correct | frames=[ 280,  291) | time=[  5.603,   5.822) s | duration= 0.220 s | soft_mass= 18.16
38713.7s 548 018 | target=bii      | pred=bii      | correct | frames=[ 291,  308) | time=[  5.822,   6.162) s | duration= 0.340 s | soft_mass= 14.34
38713.7s 549 019 | target=li       | pred=li       | correct | frames=[ 308,  318) | time=[  6.162,   6.362) s | duration= 0.200 s | soft_mass= 13.19
38713.7s 550 020 | target=l        | pred=l        | correct | frames=[ 318,  328) | time=[  6.362,   6.562) s | duration= 0.200 s | soft_mass= 10.97
38713.7s 551 021 | target=laa      | pred=laa      | correct | frames=[ 328,  344) | time=[  6.562,   6.883) s | duration= 0.320 s | soft_mass= 13.12
38713.7s 552 022 | target=hi       | pred=hi       | correct | frames=[ 344,  354) | time=[  6.883,   7.082) s | duration= 0.200 s | soft_mass= 12.35
38713.7s 553 023 | target=qa       | pred=qa       | correct | frames=[ 354,  365) | time=[  7.082,   7.303) s | duration= 0.220 s | soft_mass= 10.50
38713.7s 554 024 | target=dK       | pred=da       | wrong   | frames=[ 365,  375) | time=[  7.303,   7.503) s | duration= 0.200 s | soft_mass=  9.98
38713.7s 555 025 | target=dˤa      | pred=dˤa      | correct | frames=[ 375,  385) | time=[  7.503,   7.702) s | duration= 0.200 s | soft_mass=  9.97
38713.7s 556 026 | target=l        | pred=l        | correct | frames=[ 385,  395) | time=[  7.702,   7.902) s | duration= 0.200 s | soft_mass= 10.43
38713.7s 557 027 | target=luu      | pred=luu      | correct | frames=[ 395,  411) | time=[  7.902,   8.223) s | duration= 0.320 s | soft_mass= 13.07
38713.7s 558 028 | target=dˤa      | pred=dˤa      | correct | frames=[ 411,  422) | time=[  8.223,   8.443) s | duration= 0.220 s | soft_mass= 13.49
38713.7s 559 029 | target=laa      | pred=laa      | correct | frames=[ 422,  440) | time=[  8.443,   8.803) s | duration= 0.360 s | soft_mass= 15.16
38713.7s 560 030 | target=la       | pred=laa      | wrong   | frames=[ 440,  452) | time=[  8.803,   9.043) s | duration= 0.240 s | soft_mass= 19.04
38713.7s 561 031 | target=mm       | pred=mm       | correct | frames=[ 452,  494) | time=[  9.043,   9.883) s | duration= 0.840 s | soft_mass= 28.39
38713.7s 562 032 | target=ba       | pred=ba       | correct | frames=[ 494,  504) | time=[  9.883,  10.082) s | duration= 0.200 s | soft_mass= 20.16
38713.7s 563 033 | target=ʕii      | pred=ʕii      | correct | frames=[ 504,  523) | time=[ 10.082,  10.463) s | duration= 0.380 s | soft_mass= 19.36
38713.7s 564 034 | target=daa      | pred=daa      | correct | frames=[ 523,  562) | time=[ 10.463,  11.259) s | duration= 0.796 s | soft_mass= 38.21
38713.7s 565 ====================================================================================================
38713.7s 566 
38714.6s 567 Best model saved
38722.4s 568 /usr/local/lib/python3.12/dist-packages/mistune.py:435: SyntaxWarning: invalid escape sequence '\|'
38722.4s 569 cells[i][c] = re.sub('\\\\\|', '|', cell)
38722.6s 570 /usr/local/lib/python3.12/dist-packages/nbconvert/filters/filter_links.py:36: SyntaxWarning: invalid escape sequence '\_'
38722.6s 571 text = re.sub(r'_', '\_', text) # Escape underscores in display text
38723.2s 572 [NbConvertApp] Converting notebook __notebook__.ipynb to notebook
38723.6s 573 [NbConvertApp] Writing 421764 bytes to __notebook__.ipynb
38725.9s 574 [NbConvertApp] Converting notebook __notebook__.ipynb to html
38726.9s 575 [NbConvertApp] Writing 731525 bytes to __results__.html