8.8s 1 0.00s - Debugger warning: It seems that frozen modules are being used, which may
8.8s 2 0.00s - make the debugger miss breakpoints. Please pass -Xfrozen_modules=off
8.8s 3 0.00s - to python to disable frozen modules.
8.8s 4 0.00s - Note: Debugging will proceed. Set PYDEVD_DISABLE_FILE_VALIDATION=1 to disable this validation.
9.5s 5 0.00s - Debugger warning: It seems that frozen modules are being used, which may
9.5s 6 0.00s - make the debugger miss breakpoints. Please pass -Xfrozen_modules=off
9.5s 7 0.00s - to python to disable frozen modules.
9.5s 8 0.00s - Note: Debugging will proceed. Set PYDEVD_DISABLE_FILE_VALIDATION=1 to disable this validation.
44.9s 9 Warning: You are sending unauthenticated requests to the HF Hub. Please set a HF_TOKEN to enable higher rate limits and faster downloads.
44.9s 10 
44.9s 11 Warning: You are sending unauthenticated requests to the HF Hub. Please set a HF_TOKEN to enable higher rate limits and faster downloads.
53.7s 12 Wav2Vec2Model LOAD REPORT from: facebook/wav2vec2-large-xlsr-53
53.7s 13 Key                          | Status     |  |
53.7s 14 -----------------------------+------------+--+-
53.7s 15 project_hid.weight           | UNEXPECTED |  |
53.7s 16 project_hid.bias             | UNEXPECTED |  |
53.7s 17 quantizer.codevectors        | UNEXPECTED |  |
53.7s 18 quantizer.weight_proj.bias   | UNEXPECTED |  |
53.7s 19 quantizer.weight_proj.weight | UNEXPECTED |  |
53.7s 20 project_q.weight             | UNEXPECTED |  |
53.7s 21 project_q.bias               | UNEXPECTED |  |
53.7s 22 
53.7s 23 Notes:
53.7s 24 - UNEXPECTED	:can be ignored when loading from different task/architecture; not ok if you expect identical arch.
53.7s 25 
53.7s 26 Wav2Vec2Model LOAD REPORT from: facebook/wav2vec2-large-xlsr-53
53.7s 27 Key                          | Status     |  |
53.7s 28 -----------------------------+------------+--+-
53.7s 29 project_hid.weight           | UNEXPECTED |  |
53.7s 30 project_hid.bias             | UNEXPECTED |  |
53.7s 31 quantizer.codevectors        | UNEXPECTED |  |
53.7s 32 quantizer.weight_proj.bias   | UNEXPECTED |  |
53.7s 33 quantizer.weight_proj.weight | UNEXPECTED |  |
53.7s 34 project_q.weight             | UNEXPECTED |  |
53.7s 35 project_q.bias               | UNEXPECTED |  |
53.7s 36 
53.7s 37 Notes:
53.7s 38 - UNEXPECTED	:can be ignored when loading from different task/architecture; not ok if you expect identical arch.
54.9s 39 Building length index...
58.4s 40 Length index built for 30747 samples
58.4s 41 Building length index...
58.4s 42 Length index built for 3680 samples
58.9s 43 Using device: cuda
58.9s 44 Num processes: 1
59.5s 45 Loading checkpoint...
61.8s 46 Warmup scheduler state restored ✅
61.8s 47 Plateau scheduler state restored ✅
61.8s 48 Resumed from epoch 10
61.8s 49 Best val loss so far: 0.3681
61.8s 50 done loading
62.1s 51 training is starting .......
62.2s 52 staring the training
4438.5s 53 
4438.5s 54 Epoch 11/22
4438.5s 55 Train Loss   : 0.4242
4438.5s 56 Val Loss     : 0.3240
4438.5s 57 Val Accuracy : 92.28%
4438.5s 58 Correct      : 95955/103978
4438.5s 59 LR group 0: 1e-06
4438.5s 60 LR group 1: 0.0001
4438.5s 61 LR group 2: 0.0002
4438.5s 62 LR group 3: 0.0003
4438.5s 63 ------------------------------------------------------------
4438.5s 64 
4438.5s 65 Predicted phoneme boundaries
4438.5s 66 ====================================================================================================
4438.5s 67 000 | target=<sil>    | pred=<sil>    | correct | frames=[   0,   39) | time=[  0.000,   0.782) s | duration= 0.782 s | soft_mass= 28.67
4438.5s 68 001 | target=ʔi       | pred=ʔi       | correct | frames=[  39,   50) | time=[  0.782,   1.002) s | duration= 0.220 s | soft_mass= 26.83
4438.5s 69 002 | target=nn       | pred=nn       | correct | frames=[  50,   92) | time=[  1.002,   1.843) s | duration= 0.840 s | soft_mass= 28.83
4438.5s 70 003 | target=na       | pred=na       | correct | frames=[  92,  102) | time=[  1.843,   2.042) s | duration= 0.200 s | soft_mass= 16.91
4438.5s 71 004 | target=l        | pred=l        | correct | frames=[ 102,  111) | time=[  2.042,   2.223) s | duration= 0.180 s | soft_mass= 10.10
4438.5s 72 005 | target=la       | pred=la       | correct | frames=[ 111,  121) | time=[  2.223,   2.422) s | duration= 0.200 s | soft_mass= 10.85
4438.5s 73 006 | target=ðii      | pred=ðii      | correct | frames=[ 121,  138) | time=[  2.422,   2.763) s | duration= 0.340 s | soft_mass= 13.65
4438.5s 74 007 | target=na       | pred=na       | correct | frames=[ 138,  148) | time=[  2.763,   2.962) s | duration= 0.200 s | soft_mass= 12.06
4438.5s 75 008 | target=ka       | pred=ka       | correct | frames=[ 148,  158) | time=[  2.962,   3.163) s | duration= 0.200 s | soft_mass= 10.26
4438.5s 76 009 | target=fa       | pred=fa       | correct | frames=[ 158,  169) | time=[  3.163,   3.382) s | duration= 0.220 s | soft_mass= 11.39
4438.5s 77 010 | target=rMuu     | pred=rMuu     | correct | frames=[ 169,  186) | time=[  3.382,   3.723) s | duration= 0.340 s | soft_mass= 14.26
4438.5s 78 011 | target=wa       | pred=wa       | correct | frames=[ 186,  196) | time=[  3.723,   3.922) s | duration= 0.200 s | soft_mass= 12.41
4438.5s 79 012 | target=sˤa      | pred=sˤa      | correct | frames=[ 196,  207) | time=[  3.922,   4.143) s | duration= 0.220 s | soft_mass= 10.55
4438.5s 80 013 | target=d        | pred=d        | correct | frames=[ 207,  217) | time=[  4.143,   4.343) s | duration= 0.200 s | soft_mass= 11.79
4438.5s 81 014 | target=duu      | pred=duu      | correct | frames=[ 217,  235) | time=[  4.343,   4.702) s | duration= 0.360 s | soft_mass= 15.18
4438.5s 82 015 | target=ʕa       | pred=ʕa       | correct | frames=[ 235,  247) | time=[  4.702,   4.942) s | duration= 0.240 s | soft_mass= 19.89
4438.5s 83 016 | target=ns       | pred=ns       | correct | frames=[ 247,  283) | time=[  4.942,   5.662) s | duration= 0.720 s | soft_mass= 25.08
4438.5s 84 017 | target=sa       | pred=sa       | correct | frames=[ 283,  293) | time=[  5.662,   5.862) s | duration= 0.200 s | soft_mass= 15.11
4438.5s 85 018 | target=bii      | pred=bii      | correct | frames=[ 293,  310) | time=[  5.862,   6.202) s | duration= 0.340 s | soft_mass= 13.79
4438.5s 86 019 | target=li       | pred=li       | correct | frames=[ 310,  319) | time=[  6.202,   6.383) s | duration= 0.180 s | soft_mass= 11.80
4438.5s 87 020 | target=l        | pred=l        | correct | frames=[ 319,  329) | time=[  6.383,   6.582) s | duration= 0.200 s | soft_mass= 10.80
4438.5s 88 021 | target=laa      | pred=laa      | correct | frames=[ 329,  345) | time=[  6.582,   6.902) s | duration= 0.320 s | soft_mass= 13.10
4438.5s 89 022 | target=hi       | pred=hi       | correct | frames=[ 345,  355) | time=[  6.902,   7.103) s | duration= 0.200 s | soft_mass= 11.88
4438.5s 90 023 | target=qa       | pred=qa       | correct | frames=[ 355,  365) | time=[  7.103,   7.303) s | duration= 0.200 s | soft_mass= 10.16
4438.5s 91 024 | target=dK       | pred=ba       | wrong   | frames=[ 365,  375) | time=[  7.303,   7.503) s | duration= 0.200 s | soft_mass=  9.77
4438.5s 92 025 | target=dˤa      | pred=dˤa      | correct | frames=[ 375,  385) | time=[  7.503,   7.702) s | duration= 0.200 s | soft_mass=  9.94
4438.5s 93 026 | target=l        | pred=l        | correct | frames=[ 385,  395) | time=[  7.702,   7.902) s | duration= 0.200 s | soft_mass= 10.91
4438.5s 94 027 | target=luu      | pred=luu      | correct | frames=[ 395,  412) | time=[  7.902,   8.242) s | duration= 0.340 s | soft_mass= 14.02
4438.5s 95 028 | target=dˤa      | pred=dˤa      | correct | frames=[ 412,  423) | time=[  8.242,   8.463) s | duration= 0.220 s | soft_mass= 13.82
4438.5s 96 029 | target=laa      | pred=laa      | correct | frames=[ 423,  441) | time=[  8.463,   8.822) s | duration= 0.360 s | soft_mass= 15.31
4438.5s 97 030 | target=la       | pred=la       | correct | frames=[ 441,  453) | time=[  8.822,   9.062) s | duration= 0.240 s | soft_mass= 20.81
4438.5s 98 031 | target=mm       | pred=mm       | correct | frames=[ 453,  496) | time=[  9.062,   9.922) s | duration= 0.860 s | soft_mass= 29.32
4438.5s 99 032 | target=ba       | pred=ba       | correct | frames=[ 496,  506) | time=[  9.922,  10.123) s | duration= 0.200 s | soft_mass= 17.54
4438.5s 100 033 | target=ʕii      | pred=ʕii      | correct | frames=[ 506,  523) | time=[ 10.123,  10.463) s | duration= 0.340 s | soft_mass= 18.09
4438.5s 101 034 | target=daa      | pred=daa      | correct | frames=[ 523,  562) | time=[ 10.463,  11.259) s | duration= 0.796 s | soft_mass= 37.12
4438.5s 102 ====================================================================================================
4438.5s 103 
4439.2s 104 Best model saved
8317.9s 105 
8317.9s 106 Epoch 12/22
8317.9s 107 Train Loss   : 0.3865
8317.9s 108 Val Loss     : 0.3129
8317.9s 109 Val Accuracy : 92.38%
8317.9s 110 Correct      : 96059/103978
8317.9s 111 LR group 0: 1e-06
8317.9s 112 LR group 1: 0.0001
8317.9s 113 LR group 2: 0.0002
8317.9s 114 LR group 3: 0.0003
8317.9s 115 ------------------------------------------------------------
8317.9s 116 
8317.9s 117 Predicted phoneme boundaries
8317.9s 118 ====================================================================================================
8317.9s 119 000 | target=<sil>    | pred=<sil>    | correct | frames=[   0,   40) | time=[  0.000,   0.802) s | duration= 0.802 s | soft_mass= 29.41
8317.9s 120 001 | target=ʔi       | pred=ʔi       | correct | frames=[  40,   51) | time=[  0.802,   1.022) s | duration= 0.220 s | soft_mass= 28.01
8317.9s 121 002 | target=nn       | pred=nn       | correct | frames=[  51,   93) | time=[  1.022,   1.863) s | duration= 0.840 s | soft_mass= 29.08
8317.9s 122 003 | target=na       | pred=na       | correct | frames=[  93,  103) | time=[  1.863,   2.062) s | duration= 0.200 s | soft_mass= 15.98
8317.9s 123 004 | target=l        | pred=l        | correct | frames=[ 103,  112) | time=[  2.062,   2.243) s | duration= 0.180 s | soft_mass=  9.72
8317.9s 124 005 | target=la       | pred=la       | correct | frames=[ 112,  122) | time=[  2.243,   2.442) s | duration= 0.200 s | soft_mass= 10.85
8317.9s 125 006 | target=ðii      | pred=ðii      | correct | frames=[ 122,  138) | time=[  2.442,   2.763) s | duration= 0.320 s | soft_mass= 13.45
8317.9s 126 007 | target=na       | pred=na       | correct | frames=[ 138,  148) | time=[  2.763,   2.962) s | duration= 0.200 s | soft_mass= 11.43
8317.9s 127 008 | target=ka       | pred=ka       | correct | frames=[ 148,  158) | time=[  2.962,   3.163) s | duration= 0.200 s | soft_mass= 10.10
8317.9s 128 009 | target=fa       | pred=fa       | correct | frames=[ 158,  169) | time=[  3.163,   3.382) s | duration= 0.220 s | soft_mass= 11.17
8317.9s 129 010 | target=rMuu     | pred=rMuu     | correct | frames=[ 169,  185) | time=[  3.382,   3.703) s | duration= 0.320 s | soft_mass= 13.42
8317.9s 130 011 | target=wa       | pred=wa       | correct | frames=[ 185,  195) | time=[  3.703,   3.902) s | duration= 0.200 s | soft_mass= 11.96
8317.9s 131 012 | target=sˤa      | pred=sˤa      | correct | frames=[ 195,  205) | time=[  3.902,   4.103) s | duration= 0.200 s | soft_mass= 10.40
8317.9s 132 013 | target=d        | pred=d        | correct | frames=[ 205,  216) | time=[  4.103,   4.322) s | duration= 0.220 s | soft_mass= 11.19
8317.9s 133 014 | target=duu      | pred=duu      | correct | frames=[ 216,  233) | time=[  4.322,   4.662) s | duration= 0.340 s | soft_mass= 14.37
8317.9s 134 015 | target=ʕa       | pred=ʕa       | correct | frames=[ 233,  245) | time=[  4.662,   4.902) s | duration= 0.240 s | soft_mass= 17.95
8317.9s 135 016 | target=ns       | pred=ns       | correct | frames=[ 245,  281) | time=[  4.902,   5.622) s | duration= 0.720 s | soft_mass= 25.35
8317.9s 136 017 | target=sa       | pred=sa       | correct | frames=[ 281,  291) | time=[  5.622,   5.822) s | duration= 0.200 s | soft_mass= 17.73
8317.9s 137 018 | target=bii      | pred=bii      | correct | frames=[ 291,  309) | time=[  5.822,   6.183) s | duration= 0.360 s | soft_mass= 14.20
8317.9s 138 019 | target=li       | pred=li       | correct | frames=[ 309,  319) | time=[  6.183,   6.383) s | duration= 0.200 s | soft_mass= 12.38
8317.9s 139 020 | target=l        | pred=l        | correct | frames=[ 319,  328) | time=[  6.383,   6.562) s | duration= 0.180 s | soft_mass= 10.60
8317.9s 140 021 | target=laa      | pred=laa      | correct | frames=[ 328,  344) | time=[  6.562,   6.883) s | duration= 0.320 s | soft_mass= 13.05
8317.9s 141 022 | target=hi       | pred=hi       | correct | frames=[ 344,  355) | time=[  6.883,   7.103) s | duration= 0.220 s | soft_mass= 12.43
8317.9s 142 023 | target=qa       | pred=qa       | correct | frames=[ 355,  365) | time=[  7.103,   7.303) s | duration= 0.200 s | soft_mass= 10.44
8317.9s 143 024 | target=dK       | pred=da       | wrong   | frames=[ 365,  375) | time=[  7.303,   7.503) s | duration= 0.200 s | soft_mass=  9.88
8317.9s 144 025 | target=dˤa      | pred=dˤa      | correct | frames=[ 375,  385) | time=[  7.503,   7.702) s | duration= 0.200 s | soft_mass=  9.91
8317.9s 145 026 | target=l        | pred=l        | correct | frames=[ 385,  394) | time=[  7.702,   7.883) s | duration= 0.180 s | soft_mass= 10.44
8317.9s 146 027 | target=luu      | pred=luu      | correct | frames=[ 394,  411) | time=[  7.883,   8.223) s | duration= 0.340 s | soft_mass= 13.54
8317.9s 147 028 | target=dˤa      | pred=dˤa      | correct | frames=[ 411,  422) | time=[  8.223,   8.443) s | duration= 0.220 s | soft_mass= 13.87
8317.9s 148 029 | target=laa      | pred=laa      | correct | frames=[ 422,  440) | time=[  8.443,   8.803) s | duration= 0.360 s | soft_mass= 14.78
8317.9s 149 030 | target=la       | pred=laa      | wrong   | frames=[ 440,  451) | time=[  8.803,   9.023) s | duration= 0.220 s | soft_mass= 19.00
8317.9s 150 031 | target=mm       | pred=mm       | correct | frames=[ 451,  494) | time=[  9.023,   9.883) s | duration= 0.860 s | soft_mass= 29.19
8317.9s 151 032 | target=ba       | pred=ba       | correct | frames=[ 494,  505) | time=[  9.883,  10.102) s | duration= 0.220 s | soft_mass= 19.93
8317.9s 152 033 | target=ʕii      | pred=ʕii      | correct | frames=[ 505,  523) | time=[ 10.102,  10.463) s | duration= 0.360 s | soft_mass= 18.82
8317.9s 153 034 | target=daa      | pred=daa      | correct | frames=[ 523,  562) | time=[ 10.463,  11.259) s | duration= 0.796 s | soft_mass= 37.97
8317.9s 154 ====================================================================================================
8317.9s 155 
8318.7s 156 Best model saved
12168.1s 157 
12168.1s 158 Epoch 13/22
12168.1s 159 Train Loss   : 0.3504
12168.1s 160 Val Loss     : 0.3083
12168.1s 161 Val Accuracy : 93.72%
12168.1s 162 Correct      : 97451/103978
12168.1s 163 LR group 0: 1e-06
12168.1s 164 LR group 1: 0.0001
12168.1s 165 LR group 2: 0.0002
12168.1s 166 LR group 3: 0.0003
12168.1s 167 ------------------------------------------------------------
12168.1s 168 
12168.1s 169 Predicted phoneme boundaries
12168.1s 170 ====================================================================================================
12168.1s 171 000 | target=<sil>    | pred=<sil>    | correct | frames=[   0,   39) | time=[  0.000,   0.782) s | duration= 0.782 s | soft_mass= 27.67
12168.1s 172 001 | target=ʔi       | pred=ʔi       | correct | frames=[  39,   51) | time=[  0.782,   1.022) s | duration= 0.240 s | soft_mass= 27.50
12168.1s 173 002 | target=nn       | pred=nn       | correct | frames=[  51,   92) | time=[  1.022,   1.843) s | duration= 0.820 s | soft_mass= 28.93
12168.1s 174 003 | target=na       | pred=na       | correct | frames=[  92,  102) | time=[  1.843,   2.042) s | duration= 0.200 s | soft_mass= 17.33
12168.1s 175 004 | target=l        | pred=l        | correct | frames=[ 102,  111) | time=[  2.042,   2.223) s | duration= 0.180 s | soft_mass= 10.10
12168.1s 176 005 | target=la       | pred=la       | correct | frames=[ 111,  121) | time=[  2.223,   2.422) s | duration= 0.200 s | soft_mass= 10.95
12168.1s 177 006 | target=ðii      | pred=ðii      | correct | frames=[ 121,  138) | time=[  2.422,   2.763) s | duration= 0.340 s | soft_mass= 13.86
12168.1s 178 007 | target=na       | pred=na       | correct | frames=[ 138,  148) | time=[  2.763,   2.962) s | duration= 0.200 s | soft_mass= 11.97
12168.1s 179 008 | target=ka       | pred=ka       | correct | frames=[ 148,  159) | time=[  2.962,   3.183) s | duration= 0.220 s | soft_mass= 10.60
12168.1s 180 009 | target=fa       | pred=fa       | correct | frames=[ 159,  169) | time=[  3.183,   3.382) s | duration= 0.200 s | soft_mass= 11.73
12168.1s 181 010 | target=rMuu     | pred=rMuu     | correct | frames=[ 169,  186) | time=[  3.382,   3.723) s | duration= 0.340 s | soft_mass= 13.90
12168.1s 182 011 | target=wa       | pred=wa       | correct | frames=[ 186,  196) | time=[  3.723,   3.922) s | duration= 0.200 s | soft_mass= 11.95
12168.1s 183 012 | target=sˤa      | pred=sˤa      | correct | frames=[ 196,  206) | time=[  3.922,   4.122) s | duration= 0.200 s | soft_mass= 10.35
12168.1s 184 013 | target=d        | pred=d        | correct | frames=[ 206,  217) | time=[  4.122,   4.343) s | duration= 0.220 s | soft_mass= 11.41
12168.1s 185 014 | target=duu      | pred=duu      | correct | frames=[ 217,  234) | time=[  4.343,   4.683) s | duration= 0.340 s | soft_mass= 14.70
12168.1s 186 015 | target=ʕa       | pred=ʕa       | correct | frames=[ 234,  246) | time=[  4.683,   4.923) s | duration= 0.240 s | soft_mass= 19.30
12168.1s 187 016 | target=ns       | pred=ns       | correct | frames=[ 246,  282) | time=[  4.923,   5.643) s | duration= 0.720 s | soft_mass= 25.20
12168.1s 188 017 | target=sa       | pred=sa       | correct | frames=[ 282,  292) | time=[  5.643,   5.843) s | duration= 0.200 s | soft_mass= 16.12
12168.1s 189 018 | target=bii      | pred=bii      | correct | frames=[ 292,  310) | time=[  5.843,   6.202) s | duration= 0.360 s | soft_mass= 14.28
12168.1s 190 019 | target=li       | pred=li       | correct | frames=[ 310,  320) | time=[  6.202,   6.402) s | duration= 0.200 s | soft_mass= 11.91
12168.1s 191 020 | target=l        | pred=l        | correct | frames=[ 320,  329) | time=[  6.402,   6.582) s | duration= 0.180 s | soft_mass= 11.24
12168.1s 192 021 | target=laa      | pred=laa      | correct | frames=[ 329,  346) | time=[  6.582,   6.923) s | duration= 0.340 s | soft_mass= 13.74
12168.1s 193 022 | target=hi       | pred=hi       | correct | frames=[ 346,  356) | time=[  6.923,   7.122) s | duration= 0.200 s | soft_mass= 11.85
12168.1s 194 023 | target=qa       | pred=qa       | correct | frames=[ 356,  366) | time=[  7.122,   7.322) s | duration= 0.200 s | soft_mass=  9.96
12168.1s 195 024 | target=dK       | pred=dK       | correct | frames=[ 366,  376) | time=[  7.322,   7.522) s | duration= 0.200 s | soft_mass=  9.61
12168.1s 196 025 | target=dˤa      | pred=dˤa      | correct | frames=[ 376,  386) | time=[  7.522,   7.723) s | duration= 0.200 s | soft_mass=  9.92
12168.1s 197 026 | target=l        | pred=l        | correct | frames=[ 386,  396) | time=[  7.723,   7.923) s | duration= 0.200 s | soft_mass= 11.06
12168.1s 198 027 | target=luu      | pred=luu      | correct | frames=[ 396,  413) | time=[  7.923,   8.262) s | duration= 0.340 s | soft_mass= 14.10
12168.1s 199 028 | target=dˤa      | pred=tˤa      | wrong   | frames=[ 413,  423) | time=[  8.262,   8.463) s | duration= 0.200 s | soft_mass= 13.65
12168.1s 200 029 | target=laa      | pred=laa      | correct | frames=[ 423,  442) | time=[  8.463,   8.842) s | duration= 0.380 s | soft_mass= 15.45
12168.1s 201 030 | target=la       | pred=la       | correct | frames=[ 442,  453) | time=[  8.842,   9.062) s | duration= 0.220 s | soft_mass= 20.78
12168.1s 202 031 | target=mm       | pred=mm       | correct | frames=[ 453,  495) | time=[  9.062,   9.902) s | duration= 0.840 s | soft_mass= 28.70
12168.1s 203 032 | target=ba       | pred=ba       | correct | frames=[ 495,  506) | time=[  9.902,  10.123) s | duration= 0.220 s | soft_mass= 17.24
12168.1s 204 033 | target=ʕii      | pred=ʕii      | correct | frames=[ 506,  524) | time=[ 10.123,  10.482) s | duration= 0.360 s | soft_mass= 18.36
12168.1s 205 034 | target=daa      | pred=daa      | correct | frames=[ 524,  562) | time=[ 10.482,  11.259) s | duration= 0.776 s | soft_mass= 36.56
12168.1s 206 ====================================================================================================
12168.1s 207 
12169.0s 208 Best model saved
16016.9s 209 
16016.9s 210 Epoch 14/22
16016.9s 211 Train Loss   : 0.3261
16016.9s 212 Val Loss     : 0.3045
16016.9s 213 Val Accuracy : 93.10%
16016.9s 214 Correct      : 96804/103978
16016.9s 215 LR group 0: 1e-06
16016.9s 216 LR group 1: 0.0001
16016.9s 217 LR group 2: 0.0002
16016.9s 218 LR group 3: 0.0003
16016.9s 219 ------------------------------------------------------------
16016.9s 220 
16016.9s 221 Predicted phoneme boundaries
16016.9s 222 ====================================================================================================
16016.9s 223 000 | target=<sil>    | pred=<sil>    | correct | frames=[   0,   39) | time=[  0.000,   0.782) s | duration= 0.782 s | soft_mass= 29.40
16016.9s 224 001 | target=ʔi       | pred=ʔi       | correct | frames=[  39,   51) | time=[  0.782,   1.022) s | duration= 0.240 s | soft_mass= 28.41
16016.9s 225 002 | target=nn       | pred=nn       | correct | frames=[  51,   93) | time=[  1.022,   1.863) s | duration= 0.840 s | soft_mass= 29.03
16016.9s 226 003 | target=na       | pred=na       | correct | frames=[  93,  103) | time=[  1.863,   2.062) s | duration= 0.200 s | soft_mass= 15.66
16016.9s 227 004 | target=l        | pred=l        | correct | frames=[ 103,  112) | time=[  2.062,   2.243) s | duration= 0.180 s | soft_mass=  9.73
16016.9s 228 005 | target=la       | pred=la       | correct | frames=[ 112,  122) | time=[  2.243,   2.442) s | duration= 0.200 s | soft_mass= 10.89
16016.9s 229 006 | target=ðii      | pred=ðii      | correct | frames=[ 122,  138) | time=[  2.442,   2.763) s | duration= 0.320 s | soft_mass= 13.23
16016.9s 230 007 | target=na       | pred=na       | correct | frames=[ 138,  148) | time=[  2.763,   2.962) s | duration= 0.200 s | soft_mass= 11.49
16016.9s 231 008 | target=ka       | pred=ka       | correct | frames=[ 148,  158) | time=[  2.962,   3.163) s | duration= 0.200 s | soft_mass= 10.32
16016.9s 232 009 | target=fa       | pred=fa       | correct | frames=[ 158,  169) | time=[  3.163,   3.382) s | duration= 0.220 s | soft_mass= 11.23
16016.9s 233 010 | target=rMuu     | pred=rMuu     | correct | frames=[ 169,  185) | time=[  3.382,   3.703) s | duration= 0.320 s | soft_mass= 13.57
16016.9s 234 011 | target=wa       | pred=wa       | correct | frames=[ 185,  195) | time=[  3.703,   3.902) s | duration= 0.200 s | soft_mass= 12.15
16016.9s 235 012 | target=sˤa      | pred=sˤa      | correct | frames=[ 195,  206) | time=[  3.902,   4.122) s | duration= 0.220 s | soft_mass= 10.15
16016.9s 236 013 | target=d        | pred=d        | correct | frames=[ 206,  215) | time=[  4.122,   4.303) s | duration= 0.180 s | soft_mass= 10.48
16016.9s 237 014 | target=duu      | pred=duu      | correct | frames=[ 215,  232) | time=[  4.303,   4.643) s | duration= 0.340 s | soft_mass= 13.50
16016.9s 238 015 | target=ʕa       | pred=ʕa       | correct | frames=[ 232,  243) | time=[  4.643,   4.862) s | duration= 0.220 s | soft_mass= 16.78
16016.9s 239 016 | target=ns       | pred=ns       | correct | frames=[ 243,  279) | time=[  4.862,   5.582) s | duration= 0.720 s | soft_mass= 24.71
16016.9s 240 017 | target=sa       | pred=sa       | correct | frames=[ 279,  290) | time=[  5.582,   5.803) s | duration= 0.220 s | soft_mass= 18.72
16016.9s 241 018 | target=bii      | pred=bii      | correct | frames=[ 290,  308) | time=[  5.803,   6.162) s | duration= 0.360 s | soft_mass= 14.24
16016.9s 242 019 | target=li       | pred=li       | correct | frames=[ 308,  318) | time=[  6.162,   6.362) s | duration= 0.200 s | soft_mass= 13.13
16016.9s 243 020 | target=l        | pred=l        | correct | frames=[ 318,  327) | time=[  6.362,   6.543) s | duration= 0.180 s | soft_mass= 10.79
16016.9s 244 021 | target=laa      | pred=laa      | correct | frames=[ 327,  343) | time=[  6.543,   6.862) s | duration= 0.320 s | soft_mass= 13.05
16016.9s 245 022 | target=hi       | pred=hi       | correct | frames=[ 343,  354) | time=[  6.862,   7.082) s | duration= 0.220 s | soft_mass= 12.54
16016.9s 246 023 | target=qa       | pred=qa       | correct | frames=[ 354,  364) | time=[  7.082,   7.282) s | duration= 0.200 s | soft_mass= 10.44
16016.9s 247 024 | target=dK       | pred=dK       | correct | frames=[ 364,  374) | time=[  7.282,   7.482) s | duration= 0.200 s | soft_mass=  9.76
16016.9s 248 025 | target=dˤa      | pred=dˤa      | correct | frames=[ 374,  384) | time=[  7.482,   7.683) s | duration= 0.200 s | soft_mass=  9.88
16016.9s 249 026 | target=l        | pred=l        | correct | frames=[ 384,  394) | time=[  7.683,   7.883) s | duration= 0.200 s | soft_mass= 10.37
16016.9s 250 027 | target=luu      | pred=luu      | correct | frames=[ 394,  406) | time=[  7.883,   8.123) s | duration= 0.240 s | soft_mass= 12.74
16016.9s 251 028 | target=dˤa      | pred=tˤa      | wrong   | frames=[ 406,  421) | time=[  8.123,   8.422) s | duration= 0.300 s | soft_mass= 13.76
16016.9s 252 029 | target=laa      | pred=laa      | correct | frames=[ 421,  439) | time=[  8.422,   8.783) s | duration= 0.360 s | soft_mass= 15.22
16016.9s 253 030 | target=la       | pred=la       | correct | frames=[ 439,  451) | time=[  8.783,   9.023) s | duration= 0.240 s | soft_mass= 19.26
16016.9s 254 031 | target=mm       | pred=mm       | correct | frames=[ 451,  494) | time=[  9.023,   9.883) s | duration= 0.860 s | soft_mass= 28.94
16016.9s 255 032 | target=ba       | pred=ba       | correct | frames=[ 494,  504) | time=[  9.883,  10.082) s | duration= 0.200 s | soft_mass= 20.67
16016.9s 256 033 | target=ʕii      | pred=ʕii      | correct | frames=[ 504,  522) | time=[ 10.082,  10.443) s | duration= 0.360 s | soft_mass= 19.14
16016.9s 257 034 | target=daa      | pred=daa      | correct | frames=[ 522,  562) | time=[ 10.443,  11.259) s | duration= 0.816 s | soft_mass= 38.62
16016.9s 258 ====================================================================================================
16016.9s 259 
16017.8s 260 Best model saved
19864.4s 261 
19864.4s 262 Epoch 15/22
19864.4s 263 Train Loss   : 0.3067
19864.4s 264 Val Loss     : 0.2809
19864.4s 265 Val Accuracy : 93.85%
19864.4s 266 Correct      : 97588/103978
19864.4s 267 LR group 0: 1e-06
19864.4s 268 LR group 1: 0.0001
19864.4s 269 LR group 2: 0.0002
19864.4s 270 LR group 3: 0.0003
19864.4s 271 ------------------------------------------------------------
19864.4s 272 
19864.4s 273 Predicted phoneme boundaries
19864.4s 274 ====================================================================================================
19864.4s 275 000 | target=<sil>    | pred=<sil>    | correct | frames=[   0,   39) | time=[  0.000,   0.782) s | duration= 0.782 s | soft_mass= 28.06
19864.4s 276 001 | target=ʔi       | pred=ʔi       | correct | frames=[  39,   50) | time=[  0.782,   1.002) s | duration= 0.220 s | soft_mass= 28.25
19864.4s 277 002 | target=nn       | pred=nn       | correct | frames=[  50,   93) | time=[  1.002,   1.863) s | duration= 0.860 s | soft_mass= 29.65
19864.4s 278 003 | target=na       | pred=na       | correct | frames=[  93,  103) | time=[  1.863,   2.062) s | duration= 0.200 s | soft_mass= 16.74
19864.4s 279 004 | target=l        | pred=l        | correct | frames=[ 103,  112) | time=[  2.062,   2.243) s | duration= 0.180 s | soft_mass=  9.99
19864.4s 280 005 | target=la       | pred=la       | correct | frames=[ 112,  122) | time=[  2.243,   2.442) s | duration= 0.200 s | soft_mass= 11.02
19864.4s 281 006 | target=ðii      | pred=ðii      | correct | frames=[ 122,  139) | time=[  2.442,   2.783) s | duration= 0.340 s | soft_mass= 13.85
19864.4s 282 007 | target=na       | pred=na       | correct | frames=[ 139,  149) | time=[  2.783,   2.982) s | duration= 0.200 s | soft_mass= 11.91
19864.4s 283 008 | target=ka       | pred=ka       | correct | frames=[ 149,  160) | time=[  2.982,   3.203) s | duration= 0.220 s | soft_mass= 10.49
19864.4s 284 009 | target=fa       | pred=fa       | correct | frames=[ 160,  170) | time=[  3.203,   3.402) s | duration= 0.200 s | soft_mass= 11.54
19864.4s 285 010 | target=rMuu     | pred=rMuu     | correct | frames=[ 170,  187) | time=[  3.402,   3.743) s | duration= 0.340 s | soft_mass= 13.77
19864.4s 286 011 | target=wa       | pred=wa       | correct | frames=[ 187,  197) | time=[  3.743,   3.942) s | duration= 0.200 s | soft_mass= 11.84
19864.4s 287 012 | target=sˤa      | pred=sˤa      | correct | frames=[ 197,  207) | time=[  3.942,   4.143) s | duration= 0.200 s | soft_mass= 10.16
19864.4s 288 013 | target=d        | pred=d        | correct | frames=[ 207,  217) | time=[  4.143,   4.343) s | duration= 0.200 s | soft_mass= 11.08
19864.4s 289 014 | target=duu      | pred=duu      | correct | frames=[ 217,  234) | time=[  4.343,   4.683) s | duration= 0.340 s | soft_mass= 14.79
19864.4s 290 015 | target=ʕa       | pred=ʕa       | correct | frames=[ 234,  247) | time=[  4.683,   4.942) s | duration= 0.260 s | soft_mass= 19.96
19864.4s 291 016 | target=ns       | pred=ns       | correct | frames=[ 247,  282) | time=[  4.942,   5.643) s | duration= 0.700 s | soft_mass= 25.24
19864.4s 292 017 | target=sa       | pred=sa       | correct | frames=[ 282,  293) | time=[  5.643,   5.862) s | duration= 0.220 s | soft_mass= 15.46
19864.4s 293 018 | target=bii      | pred=bii      | correct | frames=[ 293,  310) | time=[  5.862,   6.202) s | duration= 0.340 s | soft_mass= 13.89
19864.4s 294 019 | target=li       | pred=li       | correct | frames=[ 310,  319) | time=[  6.202,   6.383) s | duration= 0.180 s | soft_mass= 11.83
19864.4s 295 020 | target=l        | pred=l        | correct | frames=[ 319,  329) | time=[  6.383,   6.582) s | duration= 0.200 s | soft_mass= 11.03
19864.4s 296 021 | target=laa      | pred=laa      | correct | frames=[ 329,  345) | time=[  6.582,   6.902) s | duration= 0.320 s | soft_mass= 13.38
19864.4s 297 022 | target=hi       | pred=hi       | correct | frames=[ 345,  356) | time=[  6.902,   7.122) s | duration= 0.220 s | soft_mass= 12.21
19864.4s 298 023 | target=qa       | pred=qa       | correct | frames=[ 356,  366) | time=[  7.122,   7.322) s | duration= 0.200 s | soft_mass= 10.38
19864.4s 299 024 | target=dK       | pred=dK       | correct | frames=[ 366,  376) | time=[  7.322,   7.522) s | duration= 0.200 s | soft_mass=  9.72
19864.4s 300 025 | target=dˤa      | pred=dˤa      | correct | frames=[ 376,  386) | time=[  7.522,   7.723) s | duration= 0.200 s | soft_mass=  9.74
19864.4s 301 026 | target=l        | pred=l        | correct | frames=[ 386,  396) | time=[  7.723,   7.923) s | duration= 0.200 s | soft_mass= 10.55
19864.4s 302 027 | target=luu      | pred=luu      | correct | frames=[ 396,  412) | time=[  7.923,   8.242) s | duration= 0.320 s | soft_mass= 13.30
19864.4s 303 028 | target=dˤa      | pred=dˤa      | correct | frames=[ 412,  423) | time=[  8.242,   8.463) s | duration= 0.220 s | soft_mass= 13.49
19864.4s 304 029 | target=laa      | pred=laa      | correct | frames=[ 423,  441) | time=[  8.463,   8.822) s | duration= 0.360 s | soft_mass= 15.46
19864.4s 305 030 | target=la       | pred=l        | wrong   | frames=[ 441,  453) | time=[  8.822,   9.062) s | duration= 0.240 s | soft_mass= 20.71
19864.4s 306 031 | target=mm       | pred=mm       | correct | frames=[ 453,  495) | time=[  9.062,   9.902) s | duration= 0.840 s | soft_mass= 29.30
19864.4s 307 032 | target=ba       | pred=ba       | correct | frames=[ 495,  506) | time=[  9.902,  10.123) s | duration= 0.220 s | soft_mass= 17.88
19864.4s 308 033 | target=ʕii      | pred=ʕii      | correct | frames=[ 506,  523) | time=[ 10.123,  10.463) s | duration= 0.340 s | soft_mass= 18.02
19864.4s 309 034 | target=daa      | pred=daa      | correct | frames=[ 523,  562) | time=[ 10.463,  11.259) s | duration= 0.796 s | soft_mass= 37.32
19864.4s 310 ====================================================================================================
19864.4s 311 
19865.2s 312 Best model saved
23713.4s 313 
23713.4s 314 Epoch 16/22
23713.4s 315 Train Loss   : 0.2836
23713.4s 316 Val Loss     : 0.2660
23713.4s 317 Val Accuracy : 94.26%
23713.4s 318 Correct      : 98011/103978
23713.4s 319 LR group 0: 1e-06
23713.4s 320 LR group 1: 0.0001
23713.4s 321 LR group 2: 0.0002
23713.4s 322 LR group 3: 0.0003
23713.4s 323 ------------------------------------------------------------
23713.4s 324 
23713.4s 325 Predicted phoneme boundaries
23713.4s 326 ====================================================================================================
23713.4s 327 000 | target=<sil>    | pred=<sil>    | correct | frames=[   0,   40) | time=[  0.000,   0.802) s | duration= 0.802 s | soft_mass= 29.31
23713.4s 328 001 | target=ʔi       | pred=ʔi       | correct | frames=[  40,   51) | time=[  0.802,   1.022) s | duration= 0.220 s | soft_mass= 29.03
23713.4s 329 002 | target=nn       | pred=nn       | correct | frames=[  51,   94) | time=[  1.022,   1.883) s | duration= 0.860 s | soft_mass= 29.20
23713.4s 330 003 | target=na       | pred=na       | correct | frames=[  94,  103) | time=[  1.883,   2.062) s | duration= 0.180 s | soft_mass= 15.59
23713.4s 331 004 | target=l        | pred=l        | correct | frames=[ 103,  112) | time=[  2.062,   2.243) s | duration= 0.180 s | soft_mass=  9.82
23713.4s 332 005 | target=la       | pred=la       | correct | frames=[ 112,  122) | time=[  2.243,   2.442) s | duration= 0.200 s | soft_mass= 11.11
23713.4s 333 006 | target=ðii      | pred=ðii      | correct | frames=[ 122,  139) | time=[  2.442,   2.783) s | duration= 0.340 s | soft_mass= 13.76
23713.4s 334 007 | target=na       | pred=na       | correct | frames=[ 139,  149) | time=[  2.783,   2.982) s | duration= 0.200 s | soft_mass= 11.72
23713.4s 335 008 | target=ka       | pred=ka       | correct | frames=[ 149,  160) | time=[  2.982,   3.203) s | duration= 0.220 s | soft_mass= 10.72
23713.4s 336 009 | target=fa       | pred=fa       | correct | frames=[ 160,  170) | time=[  3.203,   3.402) s | duration= 0.200 s | soft_mass= 12.03
23713.4s 337 010 | target=rMuu     | pred=rMuu     | correct | frames=[ 170,  187) | time=[  3.402,   3.743) s | duration= 0.340 s | soft_mass= 13.61
23713.4s 338 011 | target=wa       | pred=wa       | correct | frames=[ 187,  197) | time=[  3.743,   3.942) s | duration= 0.200 s | soft_mass= 11.38
23713.4s 339 012 | target=sˤa      | pred=sˤa      | correct | frames=[ 197,  207) | time=[  3.942,   4.143) s | duration= 0.200 s | soft_mass= 10.37
23713.4s 340 013 | target=d        | pred=d        | correct | frames=[ 207,  217) | time=[  4.143,   4.343) s | duration= 0.200 s | soft_mass= 11.53
23713.4s 341 014 | target=duu      | pred=duu      | correct | frames=[ 217,  235) | time=[  4.343,   4.702) s | duration= 0.360 s | soft_mass= 14.75
23713.4s 342 015 | target=ʕa       | pred=ʕa       | correct | frames=[ 235,  246) | time=[  4.702,   4.923) s | duration= 0.220 s | soft_mass= 17.83
23713.4s 343 016 | target=ns       | pred=ns       | correct | frames=[ 246,  282) | time=[  4.923,   5.643) s | duration= 0.720 s | soft_mass= 24.91
23713.4s 344 017 | target=sa       | pred=sa       | correct | frames=[ 282,  292) | time=[  5.643,   5.843) s | duration= 0.200 s | soft_mass= 16.73
23713.4s 345 018 | target=bii      | pred=bii      | correct | frames=[ 292,  310) | time=[  5.843,   6.202) s | duration= 0.360 s | soft_mass= 14.16
23713.4s 346 019 | target=li       | pred=li       | correct | frames=[ 310,  319) | time=[  6.202,   6.383) s | duration= 0.180 s | soft_mass= 11.53
23713.4s 347 020 | target=l        | pred=l        | correct | frames=[ 319,  329) | time=[  6.383,   6.582) s | duration= 0.200 s | soft_mass= 10.74
23713.4s 348 021 | target=laa      | pred=laa      | correct | frames=[ 329,  345) | time=[  6.582,   6.902) s | duration= 0.320 s | soft_mass= 13.37
23713.4s 349 022 | target=hi       | pred=hi       | correct | frames=[ 345,  355) | time=[  6.902,   7.103) s | duration= 0.200 s | soft_mass= 12.08
23713.4s 350 023 | target=qa       | pred=qa       | correct | frames=[ 355,  366) | time=[  7.103,   7.322) s | duration= 0.220 s | soft_mass= 10.49
23713.4s 351 024 | target=dK       | pred=dK       | correct | frames=[ 366,  376) | time=[  7.322,   7.522) s | duration= 0.200 s | soft_mass=  9.92
23713.4s 352 025 | target=dˤa      | pred=dˤa      | correct | frames=[ 376,  386) | time=[  7.522,   7.723) s | duration= 0.200 s | soft_mass=  9.91
23713.4s 353 026 | target=l        | pred=l        | correct | frames=[ 386,  395) | time=[  7.723,   7.902) s | duration= 0.180 s | soft_mass= 10.55
23713.4s 354 027 | target=luu      | pred=luu      | correct | frames=[ 395,  411) | time=[  7.902,   8.223) s | duration= 0.320 s | soft_mass= 13.20
23713.4s 355 028 | target=dˤa      | pred=dˤa      | correct | frames=[ 411,  422) | time=[  8.223,   8.443) s | duration= 0.220 s | soft_mass= 13.65
23713.4s 356 029 | target=laa      | pred=laa      | correct | frames=[ 422,  441) | time=[  8.443,   8.822) s | duration= 0.380 s | soft_mass= 15.60
23713.4s 357 030 | target=la       | pred=l        | wrong   | frames=[ 441,  452) | time=[  8.822,   9.043) s | duration= 0.220 s | soft_mass= 19.66
23713.4s 358 031 | target=mm       | pred=mm       | correct | frames=[ 452,  495) | time=[  9.043,   9.902) s | duration= 0.860 s | soft_mass= 29.02
23713.4s 359 032 | target=ba       | pred=ba       | correct | frames=[ 495,  505) | time=[  9.902,  10.102) s | duration= 0.200 s | soft_mass= 18.58
23713.4s 360 033 | target=ʕii      | pred=ʕii      | correct | frames=[ 505,  523) | time=[ 10.102,  10.463) s | duration= 0.360 s | soft_mass= 18.26
23713.4s 361 034 | target=daa      | pred=daa      | correct | frames=[ 523,  562) | time=[ 10.463,  11.259) s | duration= 0.796 s | soft_mass= 37.89
23713.4s 362 ====================================================================================================
23713.4s 363 
23714.2s 364 Best model saved
27562.1s 365 
27562.1s 366 Epoch 17/22
27562.1s 367 Train Loss   : 0.2672
27562.1s 368 Val Loss     : 0.2655
27562.1s 369 Val Accuracy : 94.30%
27562.1s 370 Correct      : 98053/103978
27562.1s 371 LR group 0: 1e-06
27562.1s 372 LR group 1: 0.0001
27562.1s 373 LR group 2: 0.0002
27562.1s 374 LR group 3: 0.0003
27562.1s 375 ------------------------------------------------------------
27562.1s 376 
27562.1s 377 Predicted phoneme boundaries
27562.1s 378 ====================================================================================================
27562.1s 379 000 | target=<sil>    | pred=<sil>    | correct | frames=[   0,   39) | time=[  0.000,   0.782) s | duration= 0.782 s | soft_mass= 27.48
27562.1s 380 001 | target=ʔi       | pred=ʔi       | correct | frames=[  39,   51) | time=[  0.782,   1.022) s | duration= 0.240 s | soft_mass= 28.19
27562.1s 381 002 | target=nn       | pred=nn       | correct | frames=[  51,   93) | time=[  1.022,   1.863) s | duration= 0.840 s | soft_mass= 29.32
27562.1s 382 003 | target=na       | pred=na       | correct | frames=[  93,  102) | time=[  1.863,   2.042) s | duration= 0.180 s | soft_mass= 16.74
27562.1s 383 004 | target=l        | pred=l        | correct | frames=[ 102,  111) | time=[  2.042,   2.223) s | duration= 0.180 s | soft_mass=  9.85
27562.1s 384 005 | target=la       | pred=la       | correct | frames=[ 111,  121) | time=[  2.223,   2.422) s | duration= 0.200 s | soft_mass= 11.00
27562.1s 385 006 | target=ðii      | pred=ðii      | correct | frames=[ 121,  139) | time=[  2.422,   2.783) s | duration= 0.360 s | soft_mass= 14.06
27562.1s 386 007 | target=na       | pred=na       | correct | frames=[ 139,  148) | time=[  2.783,   2.962) s | duration= 0.180 s | soft_mass= 11.87
27562.1s 387 008 | target=ka       | pred=ka       | correct | frames=[ 148,  159) | time=[  2.962,   3.183) s | duration= 0.220 s | soft_mass= 10.36
27562.1s 388 009 | target=fa       | pred=fa       | correct | frames=[ 159,  169) | time=[  3.183,   3.382) s | duration= 0.200 s | soft_mass= 11.64
27562.1s 389 010 | target=rMuu     | pred=rMuu     | correct | frames=[ 169,  186) | time=[  3.382,   3.723) s | duration= 0.340 s | soft_mass= 13.96
27562.1s 390 011 | target=wa       | pred=wa       | correct | frames=[ 186,  196) | time=[  3.723,   3.922) s | duration= 0.200 s | soft_mass= 11.87
27562.1s 391 012 | target=sˤa      | pred=sˤa      | correct | frames=[ 196,  206) | time=[  3.922,   4.122) s | duration= 0.200 s | soft_mass= 10.33
27562.1s 392 013 | target=d        | pred=d        | correct | frames=[ 206,  217) | time=[  4.122,   4.343) s | duration= 0.220 s | soft_mass= 11.33
27562.1s 393 014 | target=duu      | pred=duu      | correct | frames=[ 217,  235) | time=[  4.343,   4.702) s | duration= 0.360 s | soft_mass= 14.87
27562.1s 394 015 | target=ʕa       | pred=ʕa       | correct | frames=[ 235,  246) | time=[  4.702,   4.923) s | duration= 0.220 s | soft_mass= 18.38
27562.1s 395 016 | target=ns       | pred=ns       | correct | frames=[ 246,  281) | time=[  4.923,   5.622) s | duration= 0.700 s | soft_mass= 25.10
27562.1s 396 017 | target=sa       | pred=sa       | correct | frames=[ 281,  292) | time=[  5.622,   5.843) s | duration= 0.220 s | soft_mass= 17.01
27562.1s 397 018 | target=bii      | pred=bii      | correct | frames=[ 292,  310) | time=[  5.843,   6.202) s | duration= 0.360 s | soft_mass= 14.60
27562.1s 398 019 | target=li       | pred=li       | correct | frames=[ 310,  319) | time=[  6.202,   6.383) s | duration= 0.180 s | soft_mass= 11.60
27562.1s 399 020 | target=l        | pred=l        | correct | frames=[ 319,  329) | time=[  6.383,   6.582) s | duration= 0.200 s | soft_mass= 10.61
27562.1s 400 021 | target=laa      | pred=laa      | correct | frames=[ 329,  345) | time=[  6.582,   6.902) s | duration= 0.320 s | soft_mass= 13.12
27562.1s 401 022 | target=hi       | pred=hi       | correct | frames=[ 345,  355) | time=[  6.902,   7.103) s | duration= 0.200 s | soft_mass= 11.95
27562.1s 402 023 | target=qa       | pred=qa       | correct | frames=[ 355,  366) | time=[  7.103,   7.322) s | duration= 0.220 s | soft_mass= 10.33
27562.1s 403 024 | target=dK       | pred=dK       | correct | frames=[ 366,  375) | time=[  7.322,   7.503) s | duration= 0.180 s | soft_mass=  9.70
27562.1s 404 025 | target=dˤa      | pred=dˤa      | correct | frames=[ 375,  385) | time=[  7.503,   7.702) s | duration= 0.200 s | soft_mass=  9.52
27562.1s 405 026 | target=l        | pred=l        | correct | frames=[ 385,  394) | time=[  7.702,   7.883) s | duration= 0.180 s | soft_mass= 10.28
27562.1s 406 027 | target=luu      | pred=luu      | correct | frames=[ 394,  411) | time=[  7.883,   8.223) s | duration= 0.340 s | soft_mass= 13.25
27562.1s 407 028 | target=dˤa      | pred=dˤa      | correct | frames=[ 411,  422) | time=[  8.223,   8.443) s | duration= 0.220 s | soft_mass= 13.58
27562.1s 408 029 | target=laa      | pred=laa      | correct | frames=[ 422,  440) | time=[  8.443,   8.803) s | duration= 0.360 s | soft_mass= 15.31
27562.1s 409 030 | target=la       | pred=la       | correct | frames=[ 440,  452) | time=[  8.803,   9.043) s | duration= 0.240 s | soft_mass= 19.41
27562.1s 410 031 | target=mm       | pred=mm       | correct | frames=[ 452,  494) | time=[  9.043,   9.883) s | duration= 0.840 s | soft_mass= 29.29
27562.1s 411 032 | target=ba       | pred=ba       | correct | frames=[ 494,  505) | time=[  9.883,  10.102) s | duration= 0.220 s | soft_mass= 19.77
27562.1s 412 033 | target=ʕii      | pred=ʕii      | correct | frames=[ 505,  523) | time=[ 10.102,  10.463) s | duration= 0.360 s | soft_mass= 18.73
27562.1s 413 034 | target=daa      | pred=daa      | correct | frames=[ 523,  562) | time=[ 10.463,  11.259) s | duration= 0.796 s | soft_mass= 37.58
27562.1s 414 ====================================================================================================
27562.1s 415 
27562.9s 416 Best model saved
31414.2s 417 
31414.2s 418 Epoch 18/22
31414.2s 419 Train Loss   : 0.2561
31414.2s 420 Val Loss     : 0.2832
31414.2s 421 Val Accuracy : 94.25%
31414.2s 422 Correct      : 98004/103978
31414.2s 423 LR group 0: 1e-06
31414.2s 424 LR group 1: 0.0001
31414.2s 425 LR group 2: 0.0002
31414.2s 426 LR group 3: 0.0003
31414.2s 427 ------------------------------------------------------------
31414.2s 428 
31414.2s 429 Predicted phoneme boundaries
31414.2s 430 ====================================================================================================
31414.2s 431 000 | target=<sil>    | pred=<sil>    | correct | frames=[   0,   39) | time=[  0.000,   0.782) s | duration= 0.782 s | soft_mass= 27.76
31414.2s 432 001 | target=ʔi       | pred=ʔi       | correct | frames=[  39,   51) | time=[  0.782,   1.022) s | duration= 0.240 s | soft_mass= 27.55
31414.2s 433 002 | target=nn       | pred=nn       | correct | frames=[  51,   92) | time=[  1.022,   1.843) s | duration= 0.820 s | soft_mass= 29.02
31414.2s 434 003 | target=na       | pred=na       | correct | frames=[  92,  102) | time=[  1.843,   2.042) s | duration= 0.200 s | soft_mass= 17.25
31414.2s 435 004 | target=l        | pred=l        | correct | frames=[ 102,  111) | time=[  2.042,   2.223) s | duration= 0.180 s | soft_mass= 10.14
31414.2s 436 005 | target=la       | pred=la       | correct | frames=[ 111,  122) | time=[  2.223,   2.442) s | duration= 0.220 s | soft_mass= 11.52
31414.2s 437 006 | target=ðii      | pred=ðii      | correct | frames=[ 122,  139) | time=[  2.442,   2.783) s | duration= 0.340 s | soft_mass= 14.45
31414.2s 438 007 | target=na       | pred=na       | correct | frames=[ 139,  149) | time=[  2.783,   2.982) s | duration= 0.200 s | soft_mass= 11.79
31414.2s 439 008 | target=ka       | pred=ka       | correct | frames=[ 149,  159) | time=[  2.982,   3.183) s | duration= 0.200 s | soft_mass= 10.39
31414.2s 440 009 | target=fa       | pred=fa       | correct | frames=[ 159,  170) | time=[  3.183,   3.402) s | duration= 0.220 s | soft_mass= 11.87
31414.2s 441 010 | target=rMuu     | pred=rMuu     | correct | frames=[ 170,  187) | time=[  3.402,   3.743) s | duration= 0.340 s | soft_mass= 14.09
31414.2s 442 011 | target=wa       | pred=wa       | correct | frames=[ 187,  197) | time=[  3.743,   3.942) s | duration= 0.200 s | soft_mass= 11.64
31414.2s 443 012 | target=sˤa      | pred=sˤa      | correct | frames=[ 197,  207) | time=[  3.942,   4.143) s | duration= 0.200 s | soft_mass= 10.07
31414.2s 444 013 | target=d        | pred=d        | correct | frames=[ 207,  217) | time=[  4.143,   4.343) s | duration= 0.200 s | soft_mass= 11.21
31414.2s 445 014 | target=duu      | pred=duu      | correct | frames=[ 217,  235) | time=[  4.343,   4.702) s | duration= 0.360 s | soft_mass= 14.60
31414.2s 446 015 | target=ʕa       | pred=ʕa       | correct | frames=[ 235,  246) | time=[  4.702,   4.923) s | duration= 0.220 s | soft_mass= 17.29
31414.2s 447 016 | target=ns       | pred=ns       | correct | frames=[ 246,  281) | time=[  4.923,   5.622) s | duration= 0.700 s | soft_mass= 24.51
31414.2s 448 017 | target=sa       | pred=sa       | correct | frames=[ 281,  292) | time=[  5.622,   5.843) s | duration= 0.220 s | soft_mass= 17.09
31414.2s 449 018 | target=bii      | pred=bii      | correct | frames=[ 292,  310) | time=[  5.843,   6.202) s | duration= 0.360 s | soft_mass= 14.52
31414.2s 450 019 | target=li       | pred=li       | correct | frames=[ 310,  319) | time=[  6.202,   6.383) s | duration= 0.180 s | soft_mass= 12.06
31414.2s 451 020 | target=l        | pred=l        | correct | frames=[ 319,  329) | time=[  6.383,   6.582) s | duration= 0.200 s | soft_mass= 10.83
31414.2s 452 021 | target=laa      | pred=laa      | correct | frames=[ 329,  345) | time=[  6.582,   6.902) s | duration= 0.320 s | soft_mass= 13.23
31414.2s 453 022 | target=hi       | pred=hi       | correct | frames=[ 345,  355) | time=[  6.902,   7.103) s | duration= 0.200 s | soft_mass= 11.87
31414.2s 454 023 | target=qa       | pred=qa       | correct | frames=[ 355,  365) | time=[  7.103,   7.303) s | duration= 0.200 s | soft_mass= 10.11
31414.2s 455 024 | target=dK       | pred=da       | wrong   | frames=[ 365,  375) | time=[  7.303,   7.503) s | duration= 0.200 s | soft_mass=  9.72
31414.2s 456 025 | target=dˤa      | pred=dˤa      | correct | frames=[ 375,  385) | time=[  7.503,   7.702) s | duration= 0.200 s | soft_mass= 10.02
31414.2s 457 026 | target=l        | pred=l        | correct | frames=[ 385,  395) | time=[  7.702,   7.902) s | duration= 0.200 s | soft_mass= 10.83
31414.2s 458 027 | target=luu      | pred=luu      | correct | frames=[ 395,  411) | time=[  7.902,   8.223) s | duration= 0.320 s | soft_mass= 13.53
31414.2s 459 028 | target=dˤa      | pred=dˤa      | correct | frames=[ 411,  422) | time=[  8.223,   8.443) s | duration= 0.220 s | soft_mass= 13.62
31414.2s 460 029 | target=laa      | pred=laa      | correct | frames=[ 422,  440) | time=[  8.443,   8.803) s | duration= 0.360 s | soft_mass= 14.90
31414.2s 461 030 | target=la       | pred=la       | correct | frames=[ 440,  451) | time=[  8.803,   9.023) s | duration= 0.220 s | soft_mass= 18.32
31414.2s 462 031 | target=mm       | pred=mm       | correct | frames=[ 451,  494) | time=[  9.023,   9.883) s | duration= 0.860 s | soft_mass= 28.61
31414.2s 463 032 | target=ba       | pred=ba       | correct | frames=[ 494,  504) | time=[  9.883,  10.082) s | duration= 0.200 s | soft_mass= 20.00
31414.2s 464 033 | target=ʕii      | pred=ʕii      | correct | frames=[ 504,  522) | time=[ 10.082,  10.443) s | duration= 0.360 s | soft_mass= 18.84
31414.2s 465 034 | target=daa      | pred=daa      | correct | frames=[ 522,  562) | time=[ 10.443,  11.259) s | duration= 0.816 s | soft_mass= 38.73
31414.2s 466 ====================================================================================================
31414.2s 467 
35269.5s 468 
35269.5s 469 Epoch 19/22
35269.5s 470 Train Loss   : 0.2389
35269.5s 471 Val Loss     : 0.2980
35269.5s 472 Val Accuracy : 94.37%
35269.5s 473 Correct      : 98122/103978
35269.5s 474 LR group 0: 1e-06
35269.5s 475 LR group 1: 0.0001
35269.5s 476 LR group 2: 0.0002
35269.5s 477 LR group 3: 0.0003
35269.5s 478 ------------------------------------------------------------
35269.5s 479 
35269.5s 480 Predicted phoneme boundaries
35269.5s 481 ====================================================================================================
35269.5s 482 000 | target=<sil>    | pred=<sil>    | correct | frames=[   0,   38) | time=[  0.000,   0.762) s | duration= 0.762 s | soft_mass= 26.67
35269.5s 483 001 | target=ʔi       | pred=ʔi       | correct | frames=[  38,   50) | time=[  0.762,   1.002) s | duration= 0.240 s | soft_mass= 26.98
35269.5s 484 002 | target=nn       | pred=nn       | correct | frames=[  50,   92) | time=[  1.002,   1.843) s | duration= 0.840 s | soft_mass= 29.30
35269.5s 485 003 | target=na       | pred=na       | correct | frames=[  92,  102) | time=[  1.843,   2.042) s | duration= 0.200 s | soft_mass= 18.01
35269.5s 486 004 | target=l        | pred=l        | correct | frames=[ 102,  111) | time=[  2.042,   2.223) s | duration= 0.180 s | soft_mass=  9.96
35269.5s 487 005 | target=la       | pred=la       | correct | frames=[ 111,  121) | time=[  2.223,   2.422) s | duration= 0.200 s | soft_mass= 10.67
35269.5s 488 006 | target=ðii      | pred=ðii      | correct | frames=[ 121,  138) | time=[  2.422,   2.763) s | duration= 0.340 s | soft_mass= 13.74
35269.5s 489 007 | target=na       | pred=na       | correct | frames=[ 138,  148) | time=[  2.763,   2.962) s | duration= 0.200 s | soft_mass= 12.23
35269.5s 490 008 | target=ka       | pred=ka       | correct | frames=[ 148,  158) | time=[  2.962,   3.163) s | duration= 0.200 s | soft_mass= 10.30
35269.5s 491 009 | target=fa       | pred=fa       | correct | frames=[ 158,  168) | time=[  3.163,   3.362) s | duration= 0.200 s | soft_mass= 11.25
35269.5s 492 010 | target=rMuu     | pred=rMuu     | correct | frames=[ 168,  185) | time=[  3.362,   3.703) s | duration= 0.340 s | soft_mass= 13.69
35269.5s 493 011 | target=wa       | pred=wa       | correct | frames=[ 185,  195) | time=[  3.703,   3.902) s | duration= 0.200 s | soft_mass= 12.17
35269.5s 494 012 | target=sˤa      | pred=sˤa      | correct | frames=[ 195,  206) | time=[  3.902,   4.122) s | duration= 0.220 s | soft_mass= 10.44
35269.5s 495 013 | target=d        | pred=d        | correct | frames=[ 206,  216) | time=[  4.122,   4.322) s | duration= 0.200 s | soft_mass= 11.34
35269.5s 496 014 | target=duu      | pred=duu      | correct | frames=[ 216,  234) | time=[  4.322,   4.683) s | duration= 0.360 s | soft_mass= 14.80
35269.5s 497 015 | target=ʕa       | pred=ʕa       | correct | frames=[ 234,  246) | time=[  4.683,   4.923) s | duration= 0.240 s | soft_mass= 18.04
35269.5s 498 016 | target=ns       | pred=ns       | correct | frames=[ 246,  281) | time=[  4.923,   5.622) s | duration= 0.700 s | soft_mass= 24.97
35269.5s 499 017 | target=sa       | pred=sa       | correct | frames=[ 281,  292) | time=[  5.622,   5.843) s | duration= 0.220 s | soft_mass= 17.43
35269.5s 500 018 | target=bii      | pred=bii      | correct | frames=[ 292,  309) | time=[  5.843,   6.183) s | duration= 0.340 s | soft_mass= 14.19
35269.5s 501 019 | target=li       | pred=li       | correct | frames=[ 309,  318) | time=[  6.183,   6.362) s | duration= 0.180 s | soft_mass= 11.90
35269.5s 502 020 | target=l        | pred=l        | correct | frames=[ 318,  328) | time=[  6.362,   6.562) s | duration= 0.200 s | soft_mass= 10.60
35269.5s 503 021 | target=laa      | pred=laa      | correct | frames=[ 328,  344) | time=[  6.562,   6.883) s | duration= 0.320 s | soft_mass= 13.06
35269.5s 504 022 | target=hi       | pred=hi       | correct | frames=[ 344,  354) | time=[  6.883,   7.082) s | duration= 0.200 s | soft_mass= 12.25
35269.5s 505 023 | target=qa       | pred=qa       | correct | frames=[ 354,  365) | time=[  7.082,   7.303) s | duration= 0.220 s | soft_mass= 10.64
35269.5s 506 024 | target=dK       | pred=da       | wrong   | frames=[ 365,  375) | time=[  7.303,   7.503) s | duration= 0.200 s | soft_mass= 10.00
35269.5s 507 025 | target=dˤa      | pred=dˤa      | correct | frames=[ 375,  385) | time=[  7.503,   7.702) s | duration= 0.200 s | soft_mass=  9.94
35269.5s 508 026 | target=l        | pred=l        | correct | frames=[ 385,  395) | time=[  7.702,   7.902) s | duration= 0.200 s | soft_mass= 10.70
35269.5s 509 027 | target=luu      | pred=luu      | correct | frames=[ 395,  412) | time=[  7.902,   8.242) s | duration= 0.340 s | soft_mass= 13.84
35269.5s 510 028 | target=dˤa      | pred=dˤa      | correct | frames=[ 412,  423) | time=[  8.242,   8.463) s | duration= 0.220 s | soft_mass= 14.14
35269.5s 511 029 | target=laa      | pred=laa      | correct | frames=[ 423,  441) | time=[  8.463,   8.822) s | duration= 0.360 s | soft_mass= 15.33
35269.5s 512 030 | target=la       | pred=la       | correct | frames=[ 441,  452) | time=[  8.822,   9.043) s | duration= 0.220 s | soft_mass= 19.16
35269.5s 513 031 | target=mm       | pred=mm       | correct | frames=[ 452,  495) | time=[  9.043,   9.902) s | duration= 0.860 s | soft_mass= 29.00
35269.5s 514 032 | target=ba       | pred=ba       | correct | frames=[ 495,  505) | time=[  9.902,  10.102) s | duration= 0.200 s | soft_mass= 19.02
35269.5s 515 033 | target=ʕii      | pred=ʕii      | correct | frames=[ 505,  523) | time=[ 10.102,  10.463) s | duration= 0.360 s | soft_mass= 18.73
35269.5s 516 034 | target=daa      | pred=daa      | correct | frames=[ 523,  562) | time=[ 10.463,  11.259) s | duration= 0.796 s | soft_mass= 37.50
35269.5s 517 ====================================================================================================
35269.5s 518 
39108.4s 519 
39108.4s 520 Epoch 20/22
39108.4s 521 Train Loss   : 0.2349
39108.4s 522 Val Loss     : 0.2755
39108.4s 523 Val Accuracy : 94.29%
39108.4s 524 Correct      : 98045/103978
39108.4s 525 LR group 0: 1e-06
39108.4s 526 LR group 1: 0.0001
39108.4s 527 LR group 2: 0.0002
39108.4s 528 LR group 3: 0.0003
39108.4s 529 ------------------------------------------------------------
39108.4s 530 
39108.4s 531 Predicted phoneme boundaries
39108.4s 532 ====================================================================================================
39108.4s 533 000 | target=<sil>    | pred=<sil>    | correct | frames=[   0,   38) | time=[  0.000,   0.762) s | duration= 0.762 s | soft_mass= 26.84
39108.4s 534 001 | target=ʔi       | pred=ʔi       | correct | frames=[  38,   50) | time=[  0.762,   1.002) s | duration= 0.240 s | soft_mass= 27.32
39108.4s 535 002 | target=nn       | pred=nn       | correct | frames=[  50,   93) | time=[  1.002,   1.863) s | duration= 0.860 s | soft_mass= 29.62
39108.4s 536 003 | target=na       | pred=na       | correct | frames=[  93,  102) | time=[  1.863,   2.042) s | duration= 0.180 s | soft_mass= 17.98
39108.4s 537 004 | target=l        | pred=l        | correct | frames=[ 102,  112) | time=[  2.042,   2.243) s | duration= 0.200 s | soft_mass= 10.07
39108.4s 538 005 | target=la       | pred=la       | correct | frames=[ 112,  122) | time=[  2.243,   2.442) s | duration= 0.200 s | soft_mass= 10.91
39108.4s 539 006 | target=ðii      | pred=ðii      | correct | frames=[ 122,  139) | time=[  2.442,   2.783) s | duration= 0.340 s | soft_mass= 13.77
39108.4s 540 007 | target=na       | pred=na       | correct | frames=[ 139,  148) | time=[  2.783,   2.962) s | duration= 0.180 s | soft_mass= 11.94
39108.4s 541 008 | target=ka       | pred=ka       | correct | frames=[ 148,  159) | time=[  2.962,   3.183) s | duration= 0.220 s | soft_mass= 10.33
39108.4s 542 009 | target=fa       | pred=fa       | correct | frames=[ 159,  169) | time=[  3.183,   3.382) s | duration= 0.200 s | soft_mass= 11.75
39108.4s 543 010 | target=rMuu     | pred=rMuu     | correct | frames=[ 169,  187) | time=[  3.382,   3.743) s | duration= 0.360 s | soft_mass= 14.37
39108.4s 544 011 | target=wa       | pred=wa       | correct | frames=[ 187,  197) | time=[  3.743,   3.942) s | duration= 0.200 s | soft_mass= 11.83
39108.4s 545 012 | target=sˤa      | pred=sˤa      | correct | frames=[ 197,  206) | time=[  3.942,   4.122) s | duration= 0.180 s | soft_mass= 10.04
39108.4s 546 013 | target=d        | pred=d        | correct | frames=[ 206,  217) | time=[  4.122,   4.343) s | duration= 0.220 s | soft_mass= 11.51
39108.4s 547 014 | target=duu      | pred=duu      | correct | frames=[ 217,  235) | time=[  4.343,   4.702) s | duration= 0.360 s | soft_mass= 14.93
39108.4s 548 015 | target=ʕa       | pred=ʕa       | correct | frames=[ 235,  246) | time=[  4.702,   4.923) s | duration= 0.220 s | soft_mass= 17.81
39108.4s 549 016 | target=ns       | pred=ns       | correct | frames=[ 246,  281) | time=[  4.923,   5.622) s | duration= 0.700 s | soft_mass= 24.34
39108.4s 550 017 | target=sa       | pred=sa       | correct | frames=[ 281,  291) | time=[  5.622,   5.822) s | duration= 0.200 s | soft_mass= 16.24
39108.4s 551 018 | target=bii      | pred=bii      | correct | frames=[ 291,  309) | time=[  5.822,   6.183) s | duration= 0.360 s | soft_mass= 14.15
39108.4s 552 019 | target=li       | pred=li       | correct | frames=[ 309,  318) | time=[  6.183,   6.362) s | duration= 0.180 s | soft_mass= 12.30
39108.4s 553 020 | target=l        | pred=l        | correct | frames=[ 318,  328) | time=[  6.362,   6.562) s | duration= 0.200 s | soft_mass= 10.57
39108.4s 554 021 | target=laa      | pred=laa      | correct | frames=[ 328,  344) | time=[  6.562,   6.883) s | duration= 0.320 s | soft_mass= 12.77
39108.4s 555 022 | target=hi       | pred=hi       | correct | frames=[ 344,  354) | time=[  6.883,   7.082) s | duration= 0.200 s | soft_mass= 12.26
39108.4s 556 023 | target=qa       | pred=qa       | correct | frames=[ 354,  365) | time=[  7.082,   7.303) s | duration= 0.220 s | soft_mass= 10.79
39108.4s 557 024 | target=dK       | pred=da       | wrong   | frames=[ 365,  375) | time=[  7.303,   7.503) s | duration= 0.200 s | soft_mass= 10.16
39108.4s 558 025 | target=dˤa      | pred=dˤa      | correct | frames=[ 375,  385) | time=[  7.503,   7.702) s | duration= 0.200 s | soft_mass= 10.09
39108.4s 559 026 | target=l        | pred=l        | correct | frames=[ 385,  395) | time=[  7.702,   7.902) s | duration= 0.200 s | soft_mass= 10.84
39108.4s 560 027 | target=luu      | pred=luu      | correct | frames=[ 395,  412) | time=[  7.902,   8.242) s | duration= 0.340 s | soft_mass= 14.20
39108.4s 561 028 | target=dˤa      | pred=dˤa      | correct | frames=[ 412,  423) | time=[  8.242,   8.463) s | duration= 0.220 s | soft_mass= 14.51
39108.4s 562 029 | target=laa      | pred=laa      | correct | frames=[ 423,  442) | time=[  8.463,   8.842) s | duration= 0.380 s | soft_mass= 15.59
39108.4s 563 030 | target=la       | pred=la       | correct | frames=[ 442,  453) | time=[  8.842,   9.062) s | duration= 0.220 s | soft_mass= 20.23
39108.4s 564 031 | target=mm       | pred=mm       | correct | frames=[ 453,  496) | time=[  9.062,   9.922) s | duration= 0.860 s | soft_mass= 29.14
39108.4s 565 032 | target=ba       | pred=ba       | correct | frames=[ 496,  506) | time=[  9.922,  10.123) s | duration= 0.200 s | soft_mass= 17.62
39108.4s 566 033 | target=ʕii      | pred=ʕii      | correct | frames=[ 506,  523) | time=[ 10.123,  10.463) s | duration= 0.340 s | soft_mass= 18.26
39108.4s 567 034 | target=daa      | pred=daa      | correct | frames=[ 523,  562) | time=[ 10.463,  11.259) s | duration= 0.796 s | soft_mass= 36.92
39108.4s 568 ====================================================================================================
39108.4s 569 
42960.7s 570 
42960.7s 571 Epoch 21/22
42960.7s 572 Train Loss   : 0.2214
42960.7s 573 Val Loss     : 0.2467
42960.7s 574 Val Accuracy : 94.94%
42960.7s 575 Correct      : 98718/103978
42960.7s 576 LR group 0: 1e-06
42960.7s 577 LR group 1: 0.0001
42960.7s 578 LR group 2: 0.0002
42960.7s 579 LR group 3: 0.0003
42960.7s 580 ------------------------------------------------------------
42960.7s 581 
42960.7s 582 Predicted phoneme boundaries
42960.7s 583 ====================================================================================================
42960.7s 584 000 | target=<sil>    | pred=<sil>    | correct | frames=[   0,   39) | time=[  0.000,   0.782) s | duration= 0.782 s | soft_mass= 27.00
42960.7s 585 001 | target=ʔi       | pred=ʔi       | correct | frames=[  39,   50) | time=[  0.782,   1.002) s | duration= 0.220 s | soft_mass= 27.39
42960.7s 586 002 | target=nn       | pred=nn       | correct | frames=[  50,   93) | time=[  1.002,   1.863) s | duration= 0.860 s | soft_mass= 29.82
42960.7s 587 003 | target=na       | pred=na       | correct | frames=[  93,  103) | time=[  1.863,   2.062) s | duration= 0.200 s | soft_mass= 17.89
42960.7s 588 004 | target=l        | pred=l        | correct | frames=[ 103,  112) | time=[  2.062,   2.243) s | duration= 0.180 s | soft_mass= 10.05
42960.7s 589 005 | target=la       | pred=la       | correct | frames=[ 112,  122) | time=[  2.243,   2.442) s | duration= 0.200 s | soft_mass= 11.09
42960.7s 590 006 | target=ðii      | pred=ðii      | correct | frames=[ 122,  139) | time=[  2.442,   2.783) s | duration= 0.340 s | soft_mass= 13.69
42960.7s 591 007 | target=na       | pred=na       | correct | frames=[ 139,  149) | time=[  2.783,   2.982) s | duration= 0.200 s | soft_mass= 11.60
42960.7s 592 008 | target=ka       | pred=ka       | correct | frames=[ 149,  158) | time=[  2.982,   3.163) s | duration= 0.180 s | soft_mass= 10.02
42960.7s 593 009 | target=fa       | pred=fa       | correct | frames=[ 158,  169) | time=[  3.163,   3.382) s | duration= 0.220 s | soft_mass= 11.23
42960.7s 594 010 | target=rMuu     | pred=rMuu     | correct | frames=[ 169,  186) | time=[  3.382,   3.723) s | duration= 0.340 s | soft_mass= 13.86
42960.7s 595 011 | target=wa       | pred=wa       | correct | frames=[ 186,  196) | time=[  3.723,   3.922) s | duration= 0.200 s | soft_mass= 12.05
42960.7s 596 012 | target=sˤa      | pred=sˤa      | correct | frames=[ 196,  206) | time=[  3.922,   4.122) s | duration= 0.200 s | soft_mass= 10.47
42960.7s 597 013 | target=d        | pred=d        | correct | frames=[ 206,  216) | time=[  4.122,   4.322) s | duration= 0.200 s | soft_mass= 11.21
42960.7s 598 014 | target=duu      | pred=duu      | correct | frames=[ 216,  234) | time=[  4.322,   4.683) s | duration= 0.360 s | soft_mass= 14.43
42960.7s 599 015 | target=ʕa       | pred=ʕa       | correct | frames=[ 234,  245) | time=[  4.683,   4.902) s | duration= 0.220 s | soft_mass= 18.07
42960.7s 600 016 | target=ns       | pred=ns       | correct | frames=[ 245,  281) | time=[  4.902,   5.622) s | duration= 0.720 s | soft_mass= 25.57
42960.7s 601 017 | target=sa       | pred=sa       | correct | frames=[ 281,  292) | time=[  5.622,   5.843) s | duration= 0.220 s | soft_mass= 17.49
42960.7s 602 018 | target=bii      | pred=bii      | correct | frames=[ 292,  310) | time=[  5.843,   6.202) s | duration= 0.360 s | soft_mass= 14.32
42960.7s 603 019 | target=li       | pred=li       | correct | frames=[ 310,  319) | time=[  6.202,   6.383) s | duration= 0.180 s | soft_mass= 11.85
42960.7s 604 020 | target=l        | pred=l        | correct | frames=[ 319,  329) | time=[  6.383,   6.582) s | duration= 0.200 s | soft_mass= 10.74
42960.7s 605 021 | target=laa      | pred=laa      | correct | frames=[ 329,  345) | time=[  6.582,   6.902) s | duration= 0.320 s | soft_mass= 13.06
42960.7s 606 022 | target=hi       | pred=hi       | correct | frames=[ 345,  355) | time=[  6.902,   7.103) s | duration= 0.200 s | soft_mass= 11.83
42960.7s 607 023 | target=qa       | pred=qa       | correct | frames=[ 355,  365) | time=[  7.103,   7.303) s | duration= 0.200 s | soft_mass= 10.51
42960.7s 608 024 | target=dK       | pred=da       | wrong   | frames=[ 365,  375) | time=[  7.303,   7.503) s | duration= 0.200 s | soft_mass=  9.96
42960.7s 609 025 | target=dˤa      | pred=dˤa      | correct | frames=[ 375,  385) | time=[  7.503,   7.702) s | duration= 0.200 s | soft_mass=  9.83
42960.7s 610 026 | target=l        | pred=l        | correct | frames=[ 385,  395) | time=[  7.702,   7.902) s | duration= 0.200 s | soft_mass= 10.58
42960.7s 611 027 | target=luu      | pred=luu      | correct | frames=[ 395,  412) | time=[  7.902,   8.242) s | duration= 0.340 s | soft_mass= 13.69
42960.7s 612 028 | target=dˤa      | pred=dˤa      | correct | frames=[ 412,  423) | time=[  8.242,   8.463) s | duration= 0.220 s | soft_mass= 13.62
42960.7s 613 029 | target=laa      | pred=laa      | correct | frames=[ 423,  440) | time=[  8.463,   8.803) s | duration= 0.340 s | soft_mass= 14.80
42960.7s 614 030 | target=la       | pred=la       | correct | frames=[ 440,  451) | time=[  8.803,   9.023) s | duration= 0.220 s | soft_mass= 18.95
42960.7s 615 031 | target=mm       | pred=mm       | correct | frames=[ 451,  495) | time=[  9.023,   9.902) s | duration= 0.880 s | soft_mass= 29.50
42960.7s 616 032 | target=ba       | pred=ba       | correct | frames=[ 495,  505) | time=[  9.902,  10.102) s | duration= 0.200 s | soft_mass= 19.36
42960.7s 617 033 | target=ʕii      | pred=ʕii      | correct | frames=[ 505,  523) | time=[ 10.102,  10.463) s | duration= 0.360 s | soft_mass= 18.67
42960.7s 618 034 | target=daa      | pred=daa      | correct | frames=[ 523,  562) | time=[ 10.463,  11.259) s | duration= 0.796 s | soft_mass= 37.80
42960.7s 619 ====================================================================================================
42960.7s 620 
42961.6s 621 Best model saved